[ciuskill.com/index.html]
[backblue.gif]
[fade.gif]
[index.html]
[ciuskill.com/wp-content/themes/estudiar/vamtam/assets/images/loader-ring.gif]
[ciuskill.com/wp-includes/css/dist/block-library/style.min1e39.css]
[ciuskill.com/wp-content/plugins/piotnet-addons-for-elementor-pro/assets/css/minify/extension.min7632.css]
[ciuskill.com/wp-content/plugins/piotnet-addons-for-elementor-pro/assets/css/minify/font-awesome-5.min7632.css]
[ciuskill.com/wp-content/plugins/school-MANAGEMENT-PRO/assets/css/jquery-confirm.min1e39.css]
[ciuskill.com/wp-content/plugins/school-MANAGEMENT-PRO/assets/css/toastr.min1e39.css]
[ciuskill.com/wp-content/plugins/school-MANAGEMENT-PRO/assets/css/zebra_datepicker.min1e39.css]
[ciuskill.com/feed/index.html]
[ciuskill.com/wp-content/plugins/school-MANAGEMENT-PRO/assets/css/print/wlsm-previewc721.css]
[ciuskill.com/wp-content/plugins/school-MANAGEMENT-PRO/assets/css/wlsmc721.css]
[ciuskill.com/wp-content/plugins/school-MANAGEMENT-PRO/assets/css/wlsm-dashboardc721.css]
[ciuskill.com/wp-content/plugins/qi-addons-for-elementor/assets/css/grid.min1e39.css]
[ciuskill.com/comments/feed/index.html]
[ciuskill.com/wp-content/plugins/qi-addons-for-elementor/assets/css/helper-parts.min1e39.css]
[ciuskill.com/wp-content/plugins/qi-addons-for-elementor/assets/css/main.min1e39.css]
[ciuskill.com/wp-content/plugins/elementor/assets/lib/eicons/css/elementor-icons.min192d.css]
[ciuskill.com/wp-content/plugins/elementor/assets/css/frontend-lite.minf92b.css]
[ciuskill.com/wp-content/plugins/elementor/assets/lib/swiper/v8/css/swiper.min94a4.css]
[ciuskill.com/wp-content/uploads/elementor/css/post-18a8d7.css]
[ciuskill.com/wp-content/plugins/elementor-pro/assets/css/frontend-lite.min6b60.css]
[ciuskill.com/wp-content/uploads/elementor/custom-icons/theme-icons/style8a54.css]
[ciuskill.com/wp-content/plugins/elementor/assets/lib/font-awesome/css/all.minf92b.css]
[ciuskill.com/wp-content/plugins/elementor/assets/lib/font-awesome/css/v4-shims.minf92b.css]
[ciuskill.com/wp-content/uploads/elementor/css/post-23982f4fa.css]
[ciuskill.com/wp-content/uploads/elementor/css/post-9088a8d7.css]
[ciuskill.com/wp-content/uploads/elementor/css/post-2066fd4.css]
[ciuskill.com/wp-content/themes/estudiar/vamtam/assets/css/dist/allbabb.css]
[ciuskill.com/wp-content/themes/estudiar/vamtam/assets/fonts/icons/icomoon.woff2]
[ciuskill.com/wp-content/themes/estudiar/vamtam/assets/fonts/icons/icomoon.woff]
[ciuskill.com/wp-content/themes/estudiar/vamtam/assets/fonts/icons/icomoon.ttf]
[ciuskill.com/wp-content/themes/estudiar/vamtam/assets/fonts/theme-icons/theme-icons.woff2]
[ciuskill.com/wp-content/themes/estudiar/vamtam/assets/fonts/theme-icons/theme-icons.woff]
[ciuskill.com/wp-content/plugins/ultimate-member/assets/css/um-crop4250.css]
[ciuskill.com/wp-content/plugins/ultimate-member/assets/css/um-modal4250.css]
[ciuskill.com/wp-content/plugins/ultimate-member/assets/libs/jquery-ui/jquery-ui.min35d0.css]
[ciuskill.com/wp-content/plugins/ultimate-member/assets/libs/tipsy/tipsy.mina677.css]
[ciuskill.com/wp-content/plugins/ultimate-member/assets/libs/raty/um-raty.mind315.css]
[ciuskill.com/wp-content/plugins/ultimate-member/assets/libs/legacy/fonticons/fonticons-ii.min4250.css]
[ciuskill.com/wp-content/plugins/ultimate-member/assets/libs/legacy/fonticons/fonticons-fa.min4250.css]
[ciuskill.com/wp-content/plugins/ultimate-member/assets/libs/select2/select2.min4819.css]
[ciuskill.com/wp-content/plugins/ultimate-member/assets/css/um-styles4250.css]
[ciuskill.com/wp-content/plugins/ultimate-member/assets/css/um-profile4250.css]
[ciuskill.com/wp-content/plugins/ultimate-member/assets/css/um-account4250.css]
[ciuskill.com/wp-content/plugins/ultimate-member/assets/css/um-misc4250.css]
[ciuskill.com/wp-content/plugins/ultimate-member/assets/css/um-fileupload4250.css]
[ciuskill.com/wp-content/plugins/ultimate-member/assets/css/pickadate/default4250.css]
[ciuskill.com/wp-content/plugins/ultimate-member/assets/css/pickadate/default.date4250.css]
[ciuskill.com/wp-content/plugins/ultimate-member/assets/css/pickadate/default.time4250.css]
[ciuskill.com/wp-content/plugins/ultimate-member/assets/css/simplebar4250.css]
[ciuskill.com/wp-content/plugins/ultimate-member/assets/css/um-responsive4250.css]
[ciuskill.com/wp-content/plugins/ultimate-member/assets/css/um-old-default4250.css]
[ciuskill.com/wp-content/themes/estudiar/vamtam/assets/css/dist/responsive/layout-max-lowbabb.css]
[ciuskill.com/wp-content/themes/estudiar/vamtam/assets/css/dist/responsive/layout-maxbabb.css]
[ciuskill.com/wp-content/themes/estudiar/vamtam/assets/css/dist/responsive/layout-below-maxbabb.css]
[ciuskill.com/wp-content/themes/estudiar/vamtam/assets/css/dist/responsive/layout-smallbabb.css]
[ciuskill.com/wp-content/plugins/elementor/assets/lib/font-awesome/css/fontawesome.min52d5.css]
[ciuskill.com/wp-content/plugins/elementor/assets/lib/font-awesome/css/solid.min52d5.css]
[ciuskill.com/wp-content/plugins/elementor/assets/lib/font-awesome/css/brands.min52d5.css]
[ciuskill.com/wp-includes/js/jquery/jquery.minf43b.js]
[ciuskill.com/wp-includes/js/jquery/jquery-migrate.min5589.js]
[ciuskill.com/wp-content/plugins/piotnet-addons-for-elementor-pro/assets/js/minify/extension.min7632.js]
[ciuskill.com/wp-content/plugins/piotnet-addons-for-elementor-pro/assets/js/minify/woocommerce-sales-funnels.min7632.js]
[ciuskill.com/wp-content/plugins/elementor/assets/lib/font-awesome/js/v4-shims.minf92b.js]
[ciuskill.com/wp-content/plugins/ultimate-member/assets/js/um-gdpr.min4250.js]
[ciuskill.com/wp-json/index.html]
[ciuskill.com/wp-json/wp/v2/pages/23982.json]
[ciuskill.com/xmlrpc0db0.php]
[ciuskill.com/wp-json/oembed/1.0/embede557.json]
[ciuskill.com/wp-json/oembed/1.0/embedebe4]
[ciuskill.com/wp-content/uploads/2023/09/cropped-Centurion-Institution-University-logo-32x32.png]
[ciuskill.com/wp-content/uploads/2023/09/cropped-Centurion-Institution-University-logo-192x192.png]
[ciuskill.com/wp-content/uploads/2023/09/cropped-Centurion-Institution-University-logo-180x180.png]
[ciuskill.com/wp-content/uploads/2023/09/CIU-LOGO-NEW-FINAL-LOGO01.png]
[ciuskill.com/wp-content/plugins/elementor-pro/assets/css/widget-nav-menu.min.css]
[ciuskill.com/wp-logind3a3.html]
[ciuskill.com/about-us/index.html]
[ciuskill.com/our-popular-courses/index.html]
[ciuskill.com/our-achievement/index.html]
[ciuskill.com/wp-content/plugins/elementor-pro/assets/css/widget-call-to-action.min.css]
[ciuskill.com/login/index.html]
[ciuskill.com/wp-content/uploads/2023/09/1_1_11zon-1024x1024.jpg]
[ciuskill.com/admission-inquiry/index.html]
[ciuskill.com/online-admission/index.html]
[ciuskill.com/alumni-club/index.html]
[ciuskill.com/wp-content/uploads/2023/09/2_2_11zon-1024x1024.jpg]
[ciuskill.com/wp-content/uploads/2023/09/3_3_11zon-1024x1024.jpg]
[ciuskill.com/wp-content/uploads/2023/09/4_4_11zon-1024x1024.jpg]
[ciuskill.com/gallery/index.html]
[ciuskill.com/wp-content/uploads/2023/09/5_5_11zon-1024x1024.jpg]
[ciuskill.com/wp-content/uploads/2023/09/6_6_11zon-1024x1024.jpg]
[ciuskill.com/wp-content/uploads/2023/09/7_7_11zon-1024x1024.jpg]
[ciuskill.com/wp-content/uploads/2023/09/8_8_11zon-1024x1024.jpg]
[ciuskill.com/wp-content/uploads/2023/09/10_10_11zon-1024x1024.jpg]
[ciuskill.com/wp-content/plugins/elementor-pro/assets/css/widget-animated-headline.min.css]
[ciuskill.com/business-media/index.html]
[ciuskill.com/corporate-finance/index.html]
[ciuskill.com/business-administration/index.html]
[ciuskill.com/online-education/index.html]
[ciuskill.com/graduate/index.html]
[ciuskill.com/wp-content/plugins/elementor/assets/css/widget-icon-list.min.css]
[ciuskill.com/academics/index.html]
[ciuskill.com/undergraduate/index.html]
[ciuskill.com/how-to-apply/index.html]
[ciuskill.com/wp-content/uploads/2020/11/sun.svg]
[ciuskill.com/apply-form/index.html]
[ciuskill.com/tuition-fees/index.html]
[ciuskill.com/wp-content/plugins/elementor-pro/assets/css/widget-posts.min.css]
[ciuskill.com/fitness-athletics/index.html]
[ciuskill.com/student-life/index.html]
[ciuskill.com/support-guidance/index.html]
[ciuskill.com/student-activities/index.html]
[estudiar.vamtam.com/wp-content/uploads/2020/12/footer_woman2-e1607543467282-testDamyan.5d.delayed]
[ciuskill.com/the-campus-experience/index.html]
[ciuskill.com/life-as-a-distance-learning-student/index.html]
[ciuskill.com/wp-content/uploads/2020/03/CIU-LOGO-NEW-FINAL-LOGO01-footer.png]
[ciuskill.com/how-to-organise-your-studies-for-success/index.html]
[ciuskill.com/wp-content/uploads/2020/03/Centurion-Institution-University-APP.png]
[ciuskill.com/4th-workshop-advanced-materials/index.html]
[whatsform.com/launcher.js]
[ciuskill.com/wp-content/plugins/elementor-pro/assets/css/widget-theme-elements.min.css]
[ciuskill.com/wp-content/uploads/elementor/css/post-64662e31.css]
[ciuskill.com/wp-content/uploads/elementor/css/post-653612c8.css]
[ciuskill.com/wp-content/uploads/elementor/css/post-654812c8.css]
[ciuskill.com/faculty/index.html]
[ciuskill.com/wp-content/plugins/elementor/assets/lib/font-awesome/css/regular.min52d5.css]
[ciuskill.com/wp-content/uploads/elementor/css/post-7592a8d7.css]
[ciuskill.com/wp-content/plugins/elementor/assets/lib/animations/animations.minf92b.css]
[ciuskill.com/wp-content/plugins/school-MANAGEMENT-PRO/assets/js/jquery-confirm.min68b3.js]
[ciuskill.com/wp-content/plugins/school-MANAGEMENT-PRO/assets/js/toastr.min68b3.js]
[ciuskill.com/wp-content/plugins/school-MANAGEMENT-PRO/assets/js/zebra_datepicker.min68b3.js]
[ciuskill.com/wp-includes/js/jquery/jquery.form.minb2f9.js]
[ciuskill.com/wp-content/plugins/school-MANAGEMENT-PRO/assets/js/wlsmc721.js]
[checkout.razorpay.com/v1/checkout.js]
[js.paystack.co/v1/inline.js]
[ciuskill.com/wp-includes/js/jquery/ui/core.min3f14.js]
[ciuskill.com/wp-content/plugins/qi-addons-for-elementor/assets/js/main.min1e39.js]
[ciuskill.com/wp-content/themes/estudiar/vamtam/assets/js/all.minbabb.js]
[ciuskill.com/wp-includes/js/underscore.mind584.js]
[ciuskill.com/wp-includes/js/wp-util.min1e39.js]
[ciuskill.com/wp-content/plugins/ultimate-member/assets/js/um-crop.min4250.js]
[ciuskill.com/wp-content/plugins/ultimate-member/assets/js/um-modal.min4250.js]
[ciuskill.com/wp-content/plugins/ultimate-member/assets/js/um-jquery-form.min4250.js]
[ciuskill.com/wp-content/plugins/ultimate-member/assets/js/um-fileupload4250.js]
[ciuskill.com/wp-content/plugins/ultimate-member/assets/js/pickadate/picker4250.js]
[ciuskill.com/wp-content/plugins/ultimate-member/assets/js/pickadate/picker.date4250.js]
[ciuskill.com/wp-content/plugins/ultimate-member/assets/js/pickadate/picker.time4250.js]
[ciuskill.com/wp-includes/js/imagesloaded.minbb93.js]
[ciuskill.com/wp-includes/js/masonry.min3a05.js]
[ciuskill.com/wp-includes/js/jquery/jquery.masonry.minef70.js]
[ciuskill.com/wp-content/plugins/ultimate-member/assets/js/simplebar.min4250.js]
[ciuskill.com/wp-content/plugins/ultimate-member/assets/js/um-functions.min4250.js]
[ciuskill.com/wp-content/plugins/ultimate-member/assets/js/um-responsive.min4250.js]
[ciuskill.com/wp-includes/js/dist/vendor/wp-polyfill-inert.min0226.js]
[ciuskill.com/wp-includes/js/dist/vendor/regenerator-runtime.min6c85.js]
[ciuskill.com/wp-includes/js/dist/vendor/wp-polyfill.min2c7c.js]
[ciuskill.com/wp-includes/js/dist/hooks.min2ebd.js]
[ciuskill.com/wp-content/plugins/ultimate-member/assets/js/um-conditional.min4250.js]
[ciuskill.com/wp-content/plugins/ultimate-member/assets/libs/select2/select2.full.min4819.js]
[ciuskill.com/wp-content/plugins/ultimate-member/assets/libs/select2/i18n/en4819.js]
[ciuskill.com/wp-content/plugins/ultimate-member/assets/libs/tipsy/tipsy.mina677.js]
[ciuskill.com/wp-includes/js/dist/i18n.minf92f.js]
[ciuskill.com/wp-content/plugins/ultimate-member/assets/libs/raty/um-raty.mind315.js]
[ciuskill.com/wp-content/plugins/ultimate-member/assets/js/um-scripts.min4250.js]
[ciuskill.com/wp-content/plugins/ultimate-member/assets/js/um-profile.min4250.js]
[ciuskill.com/wp-content/plugins/ultimate-member/assets/js/um-account.min4250.js]
[ciuskill.com/wp-content/plugins/elementor-pro/assets/lib/smartmenus/jquery.smartmenus.minf269.js]
[ciuskill.com/wp-content/plugins/elementor/assets/js/webpack.runtime.minf92b.js]
[ciuskill.com/wp-content/plugins/elementor/assets/js/frontend-modules.minf92b.js]
[ciuskill.com/wp-content/plugins/elementor/assets/lib/waypoints/waypoints.min05da.js]
[ciuskill.com/wp-content/plugins/elementor/assets/js/frontend.minf92b.js]
[ciuskill.com/wp-content/plugins/vamtam-elementor-integration/assets/js/widgets/nav-menu/vamtam-nav-menu.mind009.js]
[ciuskill.com/wp-content/plugins/qi-addons-for-elementor/inc/shortcodes/typeout-text/assets/js/plugins/typed68b3.js]
[ciuskill.com/wp-content/plugins/vamtam-elementor-integration/assets/js/widgets/text-editor/vamtam-text-editor.mind009.js]
[ciuskill.com/wp-content/plugins/vamtam-elementor-integration/assets/js/widgets/tabs/vamtam-tabs.mind009.js]
[ciuskill.com/wp-content/plugins/vamtam-elementor-integration/assets/js/widgets/animated-headline/vamtam-animated-headline.mind009.js]
[ciuskill.com/wp-content/plugins/vamtam-elementor-integration/assets/js/widgets/image/vamtam-image.mind009.js]
[ciuskill.com/wp-content/plugins/qi-addons-for-elementor/inc/plugins/elementor/assets/js/elementor1e39.js]
[ciuskill.com/wp-content/plugins/elementor-pro/assets/js/webpack-pro.runtime.min6b60.js]
[ciuskill.com/wp-content/plugins/elementor-pro/assets/js/frontend.min6b60.js]
[ciuskill.com/wp-content/plugins/elementor-pro/assets/js/elements-handlers.min6b60.js]
[ciuskill.com/wp-content/plugins/vamtam-elementor-integration/assets/js/vamtam-elementor-frontend.mind009.js]
[ciuskill.com/index.html]
[ciuskill.com/wp-includes/css/dist/block-library/style.min1e39.css]
[ciuskill.com/wp-content/plugins/piotnet-addons-for-elementor-pro/assets/css/minify/extension.min7632.css]
[ciuskill.com/wp-content/plugins/elementor-pro/assets/lib/sticky/jquery.sticky.min6b60.js]
[ciuskill.com/wp-content/plugins/piotnet-addons-for-elementor-pro/assets/fonts/webfonts/fa-brands-400.eot]
[ciuskill.com/wp-content/plugins/piotnet-addons-for-elementor-pro/assets/fonts/webfonts/fa-brands-400d41d.eot]
[ciuskill.com/wp-content/plugins/piotnet-addons-for-elementor-pro/assets/fonts/webfonts/fa-brands-400.woff2]
[ciuskill.com/wp-content/plugins/piotnet-addons-for-elementor-pro/assets/fonts/webfonts/fa-brands-400.woff]
[ciuskill.com/wp-content/plugins/piotnet-addons-for-elementor-pro/assets/fonts/webfonts/fa-brands-400.ttf]
[ciuskill.com/wp-content/plugins/piotnet-addons-for-elementor-pro/assets/fonts/webfonts/fa-brands-400.svg]
[ciuskill.com/wp-content/plugins/piotnet-addons-for-elementor-pro/assets/fonts/webfonts/fa-regular-400.eot]
[ciuskill.com/wp-content/plugins/piotnet-addons-for-elementor-pro/assets/fonts/webfonts/fa-regular-400d41d.eot]
[ciuskill.com/wp-content/plugins/piotnet-addons-for-elementor-pro/assets/fonts/webfonts/fa-regular-400.woff2]
[ciuskill.com/wp-content/plugins/piotnet-addons-for-elementor-pro/assets/fonts/webfonts/fa-regular-400.woff]
[ciuskill.com/wp-content/plugins/piotnet-addons-for-elementor-pro/assets/fonts/webfonts/fa-regular-400.ttf]
[ciuskill.com/wp-content/plugins/piotnet-addons-for-elementor-pro/assets/fonts/webfonts/fa-regular-400.svg]
[ciuskill.com/wp-content/plugins/piotnet-addons-for-elementor-pro/assets/fonts/webfonts/fa-solid-900.eot]
[ciuskill.com/wp-content/plugins/piotnet-addons-for-elementor-pro/assets/fonts/webfonts/fa-solid-900d41d.eot]
[ciuskill.com/wp-content/plugins/piotnet-addons-for-elementor-pro/assets/fonts/webfonts/fa-solid-900.woff2]
[ciuskill.com/wp-content/plugins/piotnet-addons-for-elementor-pro/assets/fonts/webfonts/fa-solid-900.woff]
[ciuskill.com/wp-content/plugins/piotnet-addons-for-elementor-pro/assets/css/minify/font-awesome-5.min7632.css]
[ciuskill.com/wp-content/plugins/piotnet-addons-for-elementor-pro/assets/css/minify/woocommerce-sales-funnels.min7632.css]
[ciuskill.com/wp-content/plugins/school-MANAGEMENT-PRO/assets/css/jquery-confirm.min1e39.css]
[ciuskill.com/wp-content/plugins/school-MANAGEMENT-PRO/assets/css/toastr.min1e39.css]
[ciuskill.com/wp-content/plugins/piotnet-addons-for-elementor-pro/assets/fonts/webfonts/fa-solid-900.ttf]
[ciuskill.com/wp-content/plugins/piotnet-addons-for-elementor-pro/assets/fonts/webfonts/fa-solid-900.svg]
[ciuskill.com/wp-content/plugins/school-MANAGEMENT-PRO/assets/css/icons.png]
[ciuskill.com/wp-content/plugins/school-MANAGEMENT-PRO/assets/css/zebra_datepicker.min1e39.css]
[ciuskill.com/wp-content/plugins/school-MANAGEMENT-PRO/assets/css/print/wlsm-previewc721.css]
[ciuskill.com/wp-content/plugins/school-MANAGEMENT-PRO/assets/css/wlsmc721.css]
[ciuskill.com/wp-content/plugins/school-MANAGEMENT-PRO/assets/css/wlsm-dashboardc721.css]
[ciuskill.com/wp-content/plugins/qi-addons-for-elementor/assets/css/grid.min1e39.css]
[ciuskill.com/wp-content/plugins/qi-addons-for-elementor/assets/css/helper-parts.min1e39.css]
[ciuskill.com/wp-content/plugins/qi-addons-for-elementor/assets/css/main.min1e39.css]
[ciuskill.com/wp-content/plugins/elementor/assets/lib/eicons/fonts/eicons9506.woff2]
[ciuskill.com/wp-content/plugins/elementor/assets/lib/eicons/fonts/eicons9506.eot]
[ciuskill.com/wp-content/plugins/elementor/assets/lib/eicons/fonts/eicons9506.woff]
[ciuskill.com/wp-content/plugins/elementor/assets/lib/eicons/fonts/eicons9506.ttf]
[ciuskill.com/wp-content/plugins/elementor/assets/lib/eicons/css/elementor-icons.min192d.css]
[ciuskill.com/wp-content/plugins/elementor/assets/css/frontend-lite.minf92b.css]
[ciuskill.com/wp-content/plugins/elementor/assets/lib/swiper/v8/css/swiper.min94a4.css]
[ciuskill.com/wp-content/uploads/elementor/css/post-18a8d7.css]
[ciuskill.com/wp-content/plugins/elementor-pro/assets/css/frontend-lite.min6b60.css]
[ciuskill.com/wp-content/uploads/elementor/custom-icons/theme-icons/style8a54.html]
[ciuskill.com/wp-content/plugins/elementor/assets/lib/eicons/fonts/eicons9506.svg]
[ciuskill.com/wp-content/plugins/elementor/assets/lib/font-awesome/webfonts/fa-brands-400d41d.eot]
[ciuskill.com/wp-content/plugins/elementor/assets/lib/font-awesome/webfonts/fa-brands-400.woff2]
[ciuskill.com/wp-content/plugins/elementor/assets/lib/font-awesome/webfonts/fa-brands-400.eot]
[ciuskill.com/wp-content/plugins/elementor/assets/lib/font-awesome/webfonts/fa-brands-400.woff]
[ciuskill.com/wp-content/plugins/elementor/assets/lib/font-awesome/webfonts/fa-regular-400.eot]
[ciuskill.com/wp-content/plugins/elementor/assets/lib/font-awesome/webfonts/fa-brands-400.svg]
[ciuskill.com/wp-content/plugins/elementor/assets/lib/font-awesome/webfonts/fa-brands-400.ttf]
[ciuskill.com/wp-content/plugins/elementor/assets/lib/font-awesome/webfonts/fa-regular-400d41d.eot]
[ciuskill.com/wp-content/plugins/elementor/assets/lib/font-awesome/webfonts/fa-regular-400.woff2]
[ciuskill.com/wp-content/plugins/elementor/assets/lib/font-awesome/webfonts/fa-regular-400.woff]
[ciuskill.com/wp-content/plugins/elementor/assets/lib/font-awesome/webfonts/fa-regular-400.ttf]
[ciuskill.com/wp-content/plugins/elementor/assets/lib/font-awesome/webfonts/fa-regular-400.svg]
[ciuskill.com/wp-content/plugins/elementor/assets/lib/font-awesome/webfonts/fa-solid-900d41d.eot]
[ciuskill.com/wp-content/plugins/elementor/assets/lib/font-awesome/webfonts/fa-solid-900.woff2]
[ciuskill.com/wp-content/plugins/elementor/assets/lib/font-awesome/webfonts/fa-solid-900.eot]
[ciuskill.com/wp-content/plugins/elementor/assets/lib/font-awesome/webfonts/fa-solid-900.woff]
[ciuskill.com/wp-content/plugins/elementor/assets/lib/font-awesome/css/all.minf92b.css]
[ciuskill.com/wp-content/plugins/elementor/assets/lib/font-awesome/css/v4-shims.minf92b.css]
[ciuskill.com/wp-content/uploads/2023/09/ciu-cover-image-001_11zon.jpg]
[ciuskill.com/wp-content/plugins/elementor/assets/lib/font-awesome/webfonts/fa-solid-900.ttf]
[ciuskill.com/wp-content/plugins/elementor/assets/lib/font-awesome/webfonts/fa-solid-900.svg]
[ciuskill.com/wp-content/uploads/2023/09/student-lesson_11zon-scaled.jpg]
[ciuskill.com/wp-content/uploads/elementor/css/post-23982f4fa.css]
[ciuskill.com/wp-content/uploads/elementor/css/post-9088a8d7.css]
[ciuskill.com/wp-content/uploads/elementor/css/post-2066fd4.css]
[ciuskill.com/wp-content/themes/estudiar/vamtam/assets/images/blob-mask-slider-bg-1.svg]
[ciuskill.com/wp-content/themes/estudiar/vamtam/assets/images/blob-mask-slider-1.svg]
[ciuskill.com/wp-content/themes/estudiar/vamtam/assets/css/dist/allbabb.css]
[ciuskill.com/wp-content/themes/estudiar-child/style1e39.css]
[ciuskill.com/wp-content/plugins/ultimate-member/assets/css/um-crop4250.css]
[ciuskill.com/wp-content/plugins/ultimate-member/assets/img/loading.gif]
[ciuskill.com/wp-content/plugins/ultimate-member/assets/css/um-modal4250.css]
[ciuskill.com/wp-content/plugins/ultimate-member/assets/libs/jquery-ui/images/ui-bg_highlight-soft_75_cccccc_1x100.png]
[ciuskill.com/wp-content/plugins/ultimate-member/assets/libs/jquery-ui/images/ui-bg_glass_75_e6e6e6_1x400.png]
[ciuskill.com/wp-content/plugins/ultimate-member/assets/libs/jquery-ui/images/ui-bg_glass_75_dadada_1x400.png]
[ciuskill.com/wp-content/plugins/ultimate-member/assets/libs/jquery-ui/images/ui-bg_glass_65_ffffff_1x400.png]
[ciuskill.com/wp-content/plugins/ultimate-member/assets/libs/jquery-ui/images/ui-bg_glass_55_fbf9ee_1x400.png]
[ciuskill.com/wp-content/plugins/ultimate-member/assets/libs/jquery-ui/images/ui-bg_glass_95_fef1ec_1x400.png]
[ciuskill.com/wp-content/plugins/ultimate-member/assets/libs/jquery-ui/images/ui-icons_222222_256x240.png]
[ciuskill.com/wp-content/plugins/ultimate-member/assets/libs/jquery-ui/images/ui-icons_454545_256x240.png]
[ciuskill.com/wp-content/plugins/ultimate-member/assets/libs/jquery-ui/images/ui-icons_2e83ff_256x240.png]
[ciuskill.com/wp-content/plugins/ultimate-member/assets/libs/jquery-ui/images/ui-icons_cd0a0a_256x240.png]
[ciuskill.com/wp-content/plugins/ultimate-member/assets/libs/jquery-ui/images/ui-icons_888888_256x240.png]
[ciuskill.com/wp-content/plugins/ultimate-member/assets/libs/jquery-ui/jquery-ui.min35d0.css]
[ciuskill.com/wp-content/plugins/ultimate-member/assets/libs/tipsy/tipsy.mina677.css]
[ciuskill.com/wp-content/plugins/ultimate-member/assets/libs/raty/font/raty.eot]
[ciuskill.com/wp-content/plugins/ultimate-member/assets/libs/raty/font/ratyd41d.eot]
[ciuskill.com/wp-content/plugins/ultimate-member/assets/libs/raty/font/raty.svg]
[ciuskill.com/wp-content/plugins/ultimate-member/assets/libs/raty/font/raty.ttf]
[ciuskill.com/wp-content/plugins/ultimate-member/assets/libs/raty/font/raty.woff]
[ciuskill.com/wp-content/plugins/ultimate-member/assets/libs/raty/um-raty.mind315.css]
[ciuskill.com/wp-content/plugins/ultimate-member/assets/libs/legacy/fonticons/font/ionicons28b5.eot]
[ciuskill.com/wp-content/plugins/ultimate-member/assets/libs/legacy/fonticons/font/ionicons28b5.woff]
[ciuskill.com/wp-content/plugins/ultimate-member/assets/libs/legacy/fonticons/fonticons-ii.min4250.css]
[ciuskill.com/wp-content/plugins/ultimate-member/assets/libs/legacy/fonticons/font/ionicons28b5.svg]
[ciuskill.com/wp-content/plugins/ultimate-member/assets/libs/legacy/fonticons/font/ionicons28b5.ttf]
[ciuskill.com/wp-content/plugins/ultimate-member/assets/libs/legacy/fonticons/font/fontawesome-webfont78ce.eot]
[ciuskill.com/wp-content/plugins/ultimate-member/assets/libs/legacy/fonticons/font/fontawesome-webfont78ce.woff]
[ciuskill.com/wp-content/plugins/ultimate-member/assets/libs/legacy/fonticons/fonticons-fa.min4250.css]
[ciuskill.com/wp-content/plugins/ultimate-member/assets/libs/select2/select2.min4819.css]
[ciuskill.com/wp-content/plugins/ultimate-member/assets/css/um-styles4250.css]
[ciuskill.com/wp-content/plugins/ultimate-member/assets/img/loading-dots.gif]
[ciuskill.com/wp-content/plugins/ultimate-member/assets/css/um-profile4250.css]
[ciuskill.com/wp-content/plugins/ultimate-member/assets/css/um-account4250.css]
[ciuskill.com/wp-content/plugins/ultimate-member/assets/css/um-misc4250.css]
[ciuskill.com/wp-content/plugins/ultimate-member/assets/css/um-fileupload4250.css]
[ciuskill.com/wp-content/plugins/ultimate-member/assets/css/pickadate/default4250.css]
[ciuskill.com/wp-content/plugins/ultimate-member/assets/css/pickadate/default.date4250.css]
[ciuskill.com/wp-content/plugins/ultimate-member/assets/css/pickadate/default.time4250.css]
[ciuskill.com/wp-content/plugins/ultimate-member/assets/css/simplebar4250.css]
[ciuskill.com/wp-content/plugins/ultimate-member/assets/css/um-responsive4250.css]
[ciuskill.com/wp-content/plugins/ultimate-member/assets/css/um-old-default4250.css]
[ciuskill.com/wp-content/themes/estudiar/vamtam/assets/css/dist/responsive/layout-max-lowbabb.css]
[ciuskill.com/wp-content/themes/estudiar/vamtam/assets/css/dist/responsive/layout-maxbabb.css]
[ciuskill.com/wp-content/themes/estudiar/vamtam/assets/css/dist/responsive/layout-below-maxbabb.css]
[ciuskill.com/wp-content/plugins/ultimate-member/assets/libs/legacy/fonticons/font/fontawesome-webfont78ce.ttf]
[ciuskill.com/wp-content/themes/estudiar/vamtam/assets/css/dist/responsive/layout-smallbabb.css]
[ciuskill.com/wp-content/plugins/elementor/assets/lib/font-awesome/css/fontawesome.min52d5.css]
[ciuskill.com/wp-content/plugins/elementor/assets/lib/font-awesome/css/solid.min52d5.css]
[ciuskill.com/wp-content/plugins/elementor/assets/lib/font-awesome/css/brands.min52d5.css]
[ciuskill.com/wp-content/plugins/elementor-pro/assets/css/widget-nav-menu.min.css]
[ciuskill.com/wp-content/plugins/ultimate-member/assets/libs/legacy/fonticons/font/fontawesome-webfont78ce.svg]
[ciuskill.com/wp-content/uploads/elementor/css/post-6281fa2d.css]
[ciuskill.com/wp-content/uploads/elementor/css/post-7459a8d7.css]
[ciuskill.com/wp-json/wp/v2/pages/6281.json]
[ciuskill.com/wp-json/oembed/1.0/embed05df.json]
[ciuskill.com/wp-json/oembed/1.0/embed5604]
[ciuskill.com/wp-content/uploads/2023/10/WhatsApp-Image-2023-10-10-at-12.43.11-PM-779x1024.jpg]
[ciuskill.com/wp-content/uploads/2023/10/WhatsApp-Image-2023-10-09-at-9.29.50-PM-706x1024.jpg]
[ciuskill.com/wp-content/uploads/2023/10/WhatsApp-Image-2023-10-09-at-9.29.50-PM.jpg]
[ciuskill.com/wp-content/uploads/2020/11/Centurion-Institution-Universitytt.png]
[ciuskill.com/about-us/index.html]
[ciuskill.com/wp-content/uploads/elementor/css/post-98867227b4.css]
[ciuskill.com/wp-json/wp/v2/pages/988672.json]
[ciuskill.com/wp-json/oembed/1.0/embed2607.json]
[ciuskill.com/wp-json/oembed/1.0/embed23dc]
[ciuskill.com/wp-content/uploads/2023/10/Our-Achievementg.jpg]
[ciuskill.com/our-achievement/index.html]
[ciuskill.com/wp-content/uploads/elementor/css/post-9887388b16.css]
[ciuskill.com/wp-json/wp/v2/pages/988738.json]
[ciuskill.com/wp-json/oembed/1.0/embedefcf.json]
[ciuskill.com/wp-json/oembed/1.0/embed3f02]
[ciuskill.com/wp-content/uploads/2023/09/9_9_11zon-1024x1024.jpg]
[ciuskill.com/wp-content/uploads/2023/09/11_11_11zon-1024x1024.jpg]
[ciuskill.com/wp-content/uploads/2023/09/ADVANCE-EXCEL-heading_11zon-1024x1024.jpg]
[ciuskill.com/our-popular-courses/index.html]
[ciuskill.com/wp-content/uploads/elementor/css/post-988995eb9a.css]
[ciuskill.com/wp-json/wp/v2/pages/988995.json]
[ciuskill.com/wp-json/oembed/1.0/embedcc26.json]
[ciuskill.com/wp-json/oembed/1.0/embed7a75]
[ciuskill.com/wp-content/uploads/2023/10/cuskill22-1024x166.png]
[ciuskill.com/login/index.html]
[ciuskill.com/wp-login4f21.html]
[ciuskill.com/wp-content/uploads/elementor/css/post-9888982afb.css]
[ciuskill.com/wp-json/wp/v2/pages/988898.json]
[ciuskill.com/wp-json/oembed/1.0/embed58ac.json]
[ciuskill.com/admission-inquiry/index.html]
[ciuskill.com/wp-json/oembed/1.0/embed4c88]
[ciuskill.com/wp-content/uploads/elementor/css/post-988989467d.css]
[ciuskill.com/wp-json/wp/v2/pages/988989.json]
[ciuskill.com/wp-json/oembed/1.0/embeda4ed.json]
[ciuskill.com/wp-json/oembed/1.0/embed5c99]
[ciuskill.com/online-admission/index.html]
[ciuskill.com/wp-includes/css/buttons.min1e39.css]
[ciuskill.com/wp-includes/css/dashicons.min1e39.css]
[ciuskill.com/wp-admin/css/forms.min1e39.css]
[ciuskill.com/wp-admin/css/l10n.min1e39.css]
[ciuskill.com/wp-admin/css/login.min1e39.css]
[ciuskill.com/wp-content/uploads/2023/10/cuskill22.png]
[ciuskill.com/wp-loginc2b6.html]
[ciuskill.com/wp-includes/js/zxcvbn-async.min5152.js]
[ciuskill.com/wp-admin/js/password-strength-meter.min1e39.js]
[ciuskill.com/wp-admin/js/user-profile.min1e39.js]
[ciuskill.com/wp-logind3a3.html]
[ciuskill.com/wp-content/uploads/elementor/css/post-98907115b9.css]
[ciuskill.com/wp-json/wp/v2/pages/989071.json]
[ciuskill.com/wp-json/oembed/1.0/embeded8a.json]
[ciuskill.com/wp-json/oembed/1.0/embed5890]
[ciuskill.com/wp-content/uploads/2023/10/74_page-0001.jpg]
[ciuskill.com/wp-content/uploads/2023/10/717_page-0001.jpg]
[ciuskill.com/wp-content/plugins/qi-addons-for-elementor/inc/masonry/assets/js/plugins/isotope.pkgd.min1e39.js]
[ciuskill.com/wp-content/plugins/qi-addons-for-elementor/inc/masonry/assets/js/plugins/packery-mode.pkgd.min1e39.js]
[ciuskill.com/gallery/index.html]
[ciuskill.com/wp-content/plugins/qi-addons-for-elementor/assets/plugins/fslightbox/fslightbox.min1e39.js]
[ciuskill.com/wp-content/uploads/elementor/css/post-6291b9a9.css]
[ciuskill.com/wp-json/wp/v2/pages/6291.json]
[ciuskill.com/wp-json/oembed/1.0/embedeb2e.json]
[ciuskill.com/wp-json/oembed/1.0/embed0ab7]
[ciuskill.com/events/index.html]
[ciuskill.com/alumni-club/index.html]
[ciuskill.com/wp-content/plugins/elementor-pro/assets/css/widget-call-to-action.min.css]
[ciuskill.com/news/index.html]
[ciuskill.com/request-info/index.html]
[ciuskill.com/wp-content/plugins/elementor-pro/assets/css/widget-animated-headline.min.css]
[ciuskill.com/schedule-a-tour/index.html]
[ciuskill.com/wp-content/uploads/elementor/css/post-1627587b1.css]
[ciuskill.com/wp-json/wp/v2/pages/16275.json]
[ciuskill.com/wp-json/oembed/1.0/embeda865.json]
[ciuskill.com/wp-json/oembed/1.0/embed5fe6]
[ciuskill.com/degree-requirements/index.html]
[ciuskill.com/financial-aid/index.html]
[ciuskill.com/faq/index.html]
[ciuskill.com/business-media/index.html]
[ciuskill.com/wp-content/uploads/elementor/css/post-16245b428.css]
[ciuskill.com/wp-json/wp/v2/pages/16245.json]
[ciuskill.com/wp-json/oembed/1.0/embedaf7a.json]
[ciuskill.com/wp-json/oembed/1.0/embed6d6e]
[ciuskill.com/corporate-finance/index.html]
[ciuskill.com/wp-content/uploads/elementor/css/post-148416b75.css]
[ciuskill.com/wp-json/wp/v2/pages/14841.json]
[ciuskill.com/wp-json/oembed/1.0/embedc1bb.json]
[ciuskill.com/wp-json/oembed/1.0/embedcd41]
[ciuskill.com/business-administration/index.html]
[ciuskill.com/wp-content/uploads/elementor/css/post-6413f3a8.css]
[ciuskill.com/wp-json/wp/v2/pages/6413.json]
[ciuskill.com/wp-json/oembed/1.0/embed768b.json]
[ciuskill.com/business-ethics/index.html]
[ciuskill.com/marketing-2/index.html]
[ciuskill.com/accounting-finance/index.html]
[ciuskill.com/finance/index.html]
[ciuskill.com/fine-arts/index.html]
[ciuskill.com/marketing/index.html]
[ciuskill.com/management/index.html]
[ciuskill.com/philosophy/index.html]
[ciuskill.com/psychology/index.html]
[ciuskill.com/politics/index.html]
[ciuskill.com/online-education/index.html]
[ciuskill.com/wp-content/uploads/elementor/css/post-6411d76a.css]
[ciuskill.com/public-relations/index.html]
[ciuskill.com/wp-json/wp/v2/pages/6411.json]
[ciuskill.com/wp-json/oembed/1.0/embedf498.json]
[ciuskill.com/wp-json/oembed/1.0/embedc0e6]
[ciuskill.com/financial-analysis/index.html]
[ciuskill.com/information-system/index.html]
[ciuskill.com/entrepreneurship-and-innovation/index.html]
[ciuskill.com/public-administration/index.html]
[ciuskill.com/major-in-economics/index.html]
[ciuskill.com/financial-economics-concentration/index.html]
[ciuskill.com/development-concentration/index.html]
[ciuskill.com/international-economics/index.html]
[ciuskill.com/biotechnology/index.html]
[ciuskill.com/chemistry-2/index.html]
[ciuskill.com/computer-science-2/index.html]
[ciuskill.com/data-science-2/index.html]
[ciuskill.com/energy-system-management/index.html]
[ciuskill.com/architecture-2/index.html]
[ciuskill.com/fashion-design/index.html]
[ciuskill.com/arts-in-design/index.html]
[ciuskill.com/interior-design/index.html]
[ciuskill.com/product-design/index.html]
[ciuskill.com/arts-in-landscape-design/index.html]
[ciuskill.com/design-management/index.html]
[ciuskill.com/graduate/index.html]
[ciuskill.com/media-and-communication-design/index.html]
[ciuskill.com/wp-content/uploads/elementor/css/post-6409d972.css]
[ciuskill.com/wp-json/wp/v2/pages/6409.json]
[ciuskill.com/wp-json/oembed/1.0/embede353.json]
[ciuskill.com/wp-json/oembed/1.0/embed19d7]
[ciuskill.com/accounting/index.html]
[ciuskill.com/advertising/index.html]
[ciuskill.com/architecture/index.html]
[ciuskill.com/art-history/index.html]
[ciuskill.com/biology/index.html]
[ciuskill.com/chemistry/index.html]
[ciuskill.com/communication-studies/index.html]
[ciuskill.com/comparative-literature-and-culture/index.html]
[ciuskill.com/computer-science/index.html]
[ciuskill.com/critical-diversity-studies/index.html]
[ciuskill.com/data-science/index.html]
[ciuskill.com/design/index.html]
[ciuskill.com/economics/index.html]
[ciuskill.com/engineering/index.html]
[ciuskill.com/english/index.html]
[ciuskill.com/environmental-science/index.html]
[ciuskill.com/environmental-studies/index.html]
[ciuskill.com/international-business/index.html]
[ciuskill.com/biochemistry/index.html]
[ciuskill.com/chemical-physics/index.html]
[ciuskill.com/cultural-anthropology/index.html]
[ciuskill.com/undergraduate/index.html]
[ciuskill.com/engineering-physics/index.html]
[ciuskill.com/english-minors/index.html]
[ciuskill.com/history-2/index.html]
[ciuskill.com/wp-content/uploads/elementor/css/post-6283b423.css]
[ciuskill.com/wp-json/wp/v2/pages/6283.json]
[ciuskill.com/wp-json/oembed/1.0/embedd873.json]
[ciuskill.com/wp-json/oembed/1.0/embed3e6f]
[estudiar.vamtam.com/wp-content/uploads/2020/12/iStock-950643080.194.delayed]
[estudiar.vamtam.com/wp-content/uploads/2020/12/iStock-1167992655.jpg]
[estudiar.vamtam.com/wp-content/uploads/2020/12/iStock-859884294.jpg]
[estudiar.vamtam.com/wp-content/uploads/2020/12/iStock-813019744.jpg]
[estudiar.vamtam.com/wp-content/uploads/2020/12/iStock-1065166450.jpg]
[estudiar.vamtam.com/wp-content/uploads/2020/12/brydon-mccluskey-GvPceVqbxm4-unsplash.jpg]
[ciuskill.com/academics/index.html]
[ciuskill.com/mission-values/index.html]
[ciuskill.com/wp-content/uploads/elementor/css/post-6417ac86.css]
[ciuskill.com/wp-json/wp/v2/pages/6417.json]
[ciuskill.com/wp-json/oembed/1.0/embed6c8d.json]
[ciuskill.com/wp-json/oembed/1.0/embed5c2a]
[ciuskill.com/how-to-apply/index.html]
[ciuskill.com/wp-content/plugins/elementor/assets/css/widget-icon-list.min.css]
[ciuskill.com/wp-content/uploads/elementor/css/post-1110236a5.css]
[ciuskill.com/wp-json/wp/v2/pages/11102.json]
[ciuskill.com/wp-json/oembed/1.0/embed763c.json]
[ciuskill.com/wp-json/oembed/1.0/embedc844]
[ciuskill.com/apply-form/index.html]
[ciuskill.com/wp-content/uploads/elementor/css/post-642112c8.css]
[ciuskill.com/wp-json/wp/v2/pages/6421.json]
[ciuskill.com/wp-json/oembed/1.0/embedca00.json]
[ciuskill.com/wp-json/oembed/1.0/embed769a]
[ciuskill.com/tuition-fees/index.html]
[ciuskill.com/wp-content/uploads/elementor/css/post-62878d61.css]
[ciuskill.com/wp-json/wp/v2/pages/6287.json]
[ciuskill.com/wp-json/oembed/1.0/embed1529.json]
[ciuskill.com/wp-json/oembed/1.0/embedd460]
[estudiar.vamtam.com/wp-content/uploads/2020/12/iStock-1210745478-conflicted-scaled.1ae.delayed]
[estudiar.vamtam.com/wp-content/uploads/2020/12/jakob-dalbjorn-cuKJre3nyYc-unsplash.jpg]
[estudiar.vamtam.com/wp-content/uploads/2020/12/bruce-mars-pFyKRmDiWEA-unsplash.jpg]
[estudiar.vamtam.com/wp-content/uploads/2020/12/carlos-lindner-ZVo7vtXilCs-unsplash.jpg]
[ciuskill.com/student-life/index.html]
[ciuskill.com/wp-content/uploads/elementor/css/post-6427cf6c.css]
[ciuskill.com/wp-json/wp/v2/pages/6427.json]
[ciuskill.com/wp-json/oembed/1.0/embedb3b3.json]
[ciuskill.com/wp-json/oembed/1.0/embed044d]
[estudiar.vamtam.com/wp-content/uploads/2020/12/boxed-water-is-better-JpWcneSvhDY-unsplash.jpg]
[ciuskill.com/fitness-athletics/index.html]
[ciuskill.com/wp-content/uploads/elementor/css/post-64265ca7.css]
[ciuskill.com/wp-json/wp/v2/pages/6426.json]
[ciuskill.com/wp-json/oembed/1.0/embed5cc6.json]
[ciuskill.com/wp-json/oembed/1.0/embed9f99]
[ciuskill.com/support-guidance/index.html]
[ciuskill.com/wp-content/uploads/elementor/css/post-6425f399.css]
[ciuskill.com/wp-json/wp/v2/pages/6425.json]
[ciuskill.com/wp-json/oembed/1.0/embed06e4.json]
[ciuskill.com/wp-json/oembed/1.0/embed20ba]
[estudiar.vamtam.com/wp-content/uploads/2020/12/jakob-dalbjorn-cuKJre3nyYc-unsplash-Copy.jpg]
[ciuskill.com/student-activities/index.html]
[ciuskill.com/wp-content/uploads/2020/11/sun.svg]
[ciuskill.com/wp-content/uploads/elementor/css/post-6428be43.css]
[ciuskill.com/blog/index.html]
[ciuskill.com/wp-json/wp/v2/pages/6428.json]
[ciuskill.com/wp-json/oembed/1.0/embedea22.json]
[ciuskill.com/wp-json/oembed/1.0/embede3aa]
[estudiar.vamtam.com/wp-content/uploads/2020/12/iStock-1065166450-1.jpg]
[estudiar.vamtam.com/wp-content/uploads/2020/12/daan-evers-tKN1WXrzQ3s-unsplash.jpg]
[estudiar.vamtam.com/wp-content/uploads/2020/12/samantha-gades-XkBYYlZ4Ono-unsplash.jpg]
[ciuskill.com/the-campus-experience/index.html]
[ciuskill.com/wp-content/plugins/elementor-pro/assets/css/widget-posts.min.css]
[ciuskill.com/xmlrpc.php]
[ciuskill.com/wp-content/uploads/elementor/css/post-109404a55.css]
[ciuskill.com/wp-content/uploads/elementor/css/post-221908a55.css]
[ciuskill.com/life-as-a-distance-learning-student/feed/index.html]
[ciuskill.com/wp-json/wp/v2/posts/10940.json]
[ciuskill.com/wp-json/oembed/1.0/embed3df0.json]
[ciuskill.com/wp-json/oembed/1.0/embeda68d]
[ciuskill.com/wp-content/themes/estudiar/vamtam/assets/css/dist/blogbabb.css]
[ciuskill.com/wp-content/plugins/elementor-pro/assets/css/widget-share-buttons.min.css]
[ciuskill.com/2020/12/29/index.html]
[ciuskill.com/category/online-learning/index.html]
[ciuskill.com/tag/online-bachelors-degree/index.html]
[ciuskill.com/wp-content/uploads/2020/12/iStock-1176987265-1.jpg]
[ciuskill.com/tag/online-learning/index.html]
[ciuskill.com/category/student-resources/index.html]
[ciuskill.com/wp-includes/js/comment-reply.min1e39.js]
[ciuskill.com/life-as-a-distance-learning-student/index.html]
[ciuskill.com/tag/online-masters-degree/index.html]
[ciuskill.com/tag/online-programs/index.html]
[ciuskill.com/what-is-the-difference-between-university-and-college/index.html]
[ciuskill.com/how-to-get-ready-for-a-new-semester/index.html]
[ciuskill.com/wp-content/uploads/elementor/css/post-109358a55.css]
[ciuskill.com/how-to-organise-your-studies-for-success/feed/index.html]
[ciuskill.com/wp-json/wp/v2/posts/10935.json]
[ciuskill.com/wp-json/oembed/1.0/embed232c.json]
[ciuskill.com/wp-json/oembed/1.0/embed1550]
[ciuskill.com/category/student-success/index.html]
[ciuskill.com/wp-content/uploads/2020/04/akson-1K8pIbIrhkQ-unsplash-1.jpg]
[ciuskill.com/how-to-organise-your-studies-for-success/index.html]
[ciuskill.com/category/workshops-and-events/index.html]
[ciuskill.com/tag/organization/index.html]
[ciuskill.com/tag/productivity/index.html]
[ciuskill.com/tag/student-success/index.html]
[ciuskill.com/wp-content/uploads/elementor/css/post-10927e6b2.css]
[ciuskill.com/how-to-choose-a-business-program-at-university/index.html]
[ciuskill.com/4th-workshop-advanced-materials/feed/index.html]
[ciuskill.com/wp-json/wp/v2/posts/10927.json]
[ciuskill.com/wp-json/oembed/1.0/embede800.json]
[ciuskill.com/wp-json/oembed/1.0/embed5e5b]
[ciuskill.com/4th-workshop-advanced-materials/index.html]
[ciuskill.com/tag/business/index.html]
[ciuskill.com/tag/career-development/index.html]
[estudiar.vamtam.com/wp-content/uploads/2020/12/footer_woman2-e1607543467282-testDamyan.html]
[ciuskill.com/tag/events/index.html]
[ciuskill.com/wp-content/plugins/elementor-pro/assets/css/widget-theme-elements.min.css]
[ciuskill.com/tag/workshops/index.html]
[ciuskill.com/4th-workshop-advanced-materials/index0e22.html]
[ciuskill.com/wp-content/uploads/elementor/css/post-6415401b.css]
[ciuskill.com/wp-json/wp/v2/pages/6415.json]
[ciuskill.com/wp-json/oembed/1.0/embede2c8.json]
[ciuskill.com/wp-json/oembed/1.0/embeddf16]
[ciuskill.com/wp-content/uploads/2023/09/1_1_11zon-1.jpg]
[ciuskill.com/wp-content/uploads/2023/09/1_1_11zon-1-1024x1024.jpg]
[ciuskill.com/wp-content/uploads/2023/09/2_2_11zon-1-1024x1024.jpg]
[ciuskill.com/wp-content/uploads/2023/09/3_3_11zon-1-1024x1024.jpg]
[ciuskill.com/faculty/index.html]
[ciuskill.com/wp-content/uploads/2020/11/cove-ciu_11zon-new.jpg]
[ciuskill.com/wp-content/uploads/elementor/css/post-64662e31.css]
[ciuskill.com/wp-content/uploads/2020/11/istockphoto-469066878-612x612-1.jpg]
[ciuskill.com/wp-content/uploads/elementor/css/post-653612c8.css]
[ciuskill.com/wp-content/uploads/2020/11/iStock-808138458-scaled-1.jpg]
[ciuskill.com/wp-content/uploads/elementor/css/post-654812c8.css]
[ciuskill.com/wp-content/plugins/elementor/assets/lib/font-awesome/css/regular.min52d5.css]
[ciuskill.com/wp-content/uploads/elementor/css/post-7592a8d7.css]
[ciuskill.com/wp-content/plugins/elementor/assets/lib/animations/animations.minf92b.css]
[checkout.stripe.com/checkout.js]
[ciuskill.com/wp-content/plugins/piotnet-addons-for-elementor-pro/assets/fonts/webfonts/fa-brands-400.svg]
[ciuskill.com/wp-content/plugins/piotnet-addons-for-elementor-pro/assets/fonts/webfonts/fa-regular-400.svg]
[ciuskill.com/wp-content/plugins/piotnet-addons-for-elementor-pro/assets/fonts/webfonts/fa-solid-900.svg]
[ciuskill.com/wp-content/plugins/elementor/assets/lib/eicons/fonts/eicons9506.svg]
[ciuskill.com/wp-content/plugins/elementor/assets/lib/font-awesome/webfonts/fa-brands-400.svg]
[ciuskill.com/wp-content/plugins/elementor/assets/lib/font-awesome/webfonts/fa-regular-400.svg]
[ciuskill.com/wp-content/plugins/elementor/assets/lib/font-awesome/webfonts/fa-solid-900.svg]
[ciuskill.com/wp-content/themes/estudiar/vamtam/assets/images/blob-mask-slider-bg-1.svg]
[ciuskill.com/wp-content/themes/estudiar/vamtam/assets/images/blob-mask-slider-1.svg]
[ciuskill.com/wp-content/plugins/ultimate-member/assets/libs/raty/font/raty.svg]
[ciuskill.com/wp-content/plugins/ultimate-member/assets/libs/legacy/fonticons/font/ionicons28b5.svg]
[ciuskill.com/wp-content/plugins/ultimate-member/assets/libs/legacy/fonticons/font/fontawesome-webfont78ce.svg]
[ciuskill.com/wp-content/uploads/2020/11/brydon-mccluskey-GvPceVqbxm4-unsplash.jpg]
[ciuskill.com/wp-content/uploads/elementor/css/post-6281fa2d.css]
[ciuskill.com/wp-content/uploads/elementor/css/post-7459a8d7.css]
[ciuskill.com/index0368.html]
[ciuskill.com/wp-content/uploads/elementor/css/post-98867227b4.css]
[ciuskill.com/index36cf.html]
[ciuskill.com/wp-content/uploads/elementor/css/post-9887388b16.css]
[ciuskill.com/indexe86c.html]
[ciuskill.com/wp-content/uploads/2023/09/bg-light.png]
[ciuskill.com/wp-content/uploads/elementor/css/post-988995eb9a.css]
[ciuskill.com/index1ac7.html]
[ciuskill.com/wp-login4f21.html]
[ciuskill.com/wp-content/uploads/elementor/css/post-9888982afb.css]
[ciuskill.com/index2abf.html]
[ciuskill.com/wp-content/uploads/elementor/css/post-988989467d.css]
[ciuskill.com/index6951.html]
[ciuskill.com/wp-login.html]
[ciuskill.com/wp-includes/fonts/dashicons7d4b.eot]
[ciuskill.com/wp-includes/css/dashicons.min1e39.css]
[ciuskill.com/wp-includes/css/buttons.min1e39.css]
[ciuskill.com/wp-includes/fonts/dashicons7d4b.ttf]
[ciuskill.com/wp-admin/images/loading.gif]
[ciuskill.com/wp-admin/css/forms.min1e39.css]
[ciuskill.com/wp-admin/css/l10n.min1e39.css]
[ciuskill.com/wp-admin/images/w-logo-blue7a53.png]
[ciuskill.com/wp-admin/images/wordpress-logo7d6b.svg]
[ciuskill.com/wp-admin/css/login.min1e39.css]
[ciuskill.com/wp-loginc2b6.html]
[ciuskill.com/wp-content/uploads/elementor/css/post-98907115b9.css]
[ciuskill.com/index1e99.html]
[ciuskill.com/wp-content/uploads/elementor/css/post-6291b9a9.css]
[ciuskill.com/indexf5fe.html]
[ciuskill.com/wp-content/uploads/elementor/css/post-6295fe15.css]
[ciuskill.com/wp-json/wp/v2/pages/6295.json]
[ciuskill.com/wp-json/oembed/1.0/embedcd8d.json]
[ciuskill.com/wp-json/oembed/1.0/embedae41]
[ciuskill.com/2020-2021-vera-list-center-seminar-series-as-for-protocols]
[estudiar.vamtam.com/wp-content/uploads/2021/01/you-x-ventures-fznQW-kn5VU-unsplash-1.1f3.delayed]
[estudiar.vamtam.com/wp-content/uploads/2021/01/blake-wisz-GFrBMipOd_E-unsplash-1.jpg]
[estudiar.vamtam.com/wp-content/uploads/2021/01/akson-1K8pIbIrhkQ-unsplash-1.jpg]
[estudiar.vamtam.com/wp-content/uploads/2021/01/annie-spratt-dWYU3i-mqEo-unsplash-1.jpg]
[estudiar.vamtam.com/wp-content/uploads/2020/12/andrew-neel-QLqNalPe0RA-unsplash-1.jpg]
[ciuskill.com/events/index.html]
[ciuskill.com/wp-content/uploads/elementor/css/post-6293da2b.css]
[ciuskill.com/wp-json/wp/v2/pages/6293.json]
[ciuskill.com/wp-json/oembed/1.0/embed7e88.json]
[ciuskill.com/wp-json/oembed/1.0/embed789b]
[ciuskill.com/wp-content/uploads/2020/12/andrew-neel-QLqNalPe0RA-unsplash-1.jpg]
[ciuskill.com/news/index.html]
[ciuskill.com/4-tips-to-navigate-your-first-semester-abroad-like-a-pro/index.html]
[ciuskill.com/wp-content/uploads/elementor/css/post-17061aae9.css]
[ciuskill.com/wp-json/wp/v2/pages/17061.json]
[ciuskill.com/academics-meet-opportunity-at-the-estuidar-university/index.html]
[ciuskill.com/wp-json/oembed/1.0/embed1ac9.json]
[ciuskill.com/improve-your-english-and-prepare-for-college-transfer/index.html]
[ciuskill.com/wp-json/oembed/1.0/embed5f0b]
[ciuskill.com/wp-content/plugins/elementor/assets/lib/flatpickr/flatpickr.mineda1.css]
[ciuskill.com/wp-content/plugins/elementor/assets/lib/flatpickr/flatpickr.mineda1.js]
[ciuskill.com/request-info/index.html]
[ciuskill.com/wp-content/uploads/elementor/css/post-64291000.css]
[ciuskill.com/wp-json/wp/v2/pages/6429.json]
[ciuskill.com/wp-json/oembed/1.0/embed1272.json]
[ciuskill.com/wp-json/oembed/1.0/embed55d5]
[ciuskill.com/schedule-a-tour/index.html]
[ciuskill.com/wp-content/uploads/2021/01/circle-faq-box.svg]
[ciuskill.com/wp-content/uploads/elementor/css/post-1627587b1.css]
[ciuskill.com/index93f9.html]
[ciuskill.com/wp-content/uploads/elementor/css/post-2056911d9.css]
[ciuskill.com/wp-json/wp/v2/pages/20569.json]
[ciuskill.com/wp-json/oembed/1.0/embed94ec.json]
[ciuskill.com/wp-json/oembed/1.0/embede38b]
[ciuskill.com/wp-content/uploads/2021/02/2020-21-Economics-Worksheet.pdf]
[ciuskill.com/wp-content/uploads/2021/02/2019-20-Economics-Worksheet.pdf]
[ciuskill.com/wp-content/uploads/2021/02/2021_bs_economics.pdf]
[ciuskill.com/degree-requirements/index.html]
[ciuskill.com/wp-json/wp/v2/pages/6420.json]
[ciuskill.com/wp-json/oembed/1.0/embed8562.json]
[ciuskill.com/wp-json/oembed/1.0/embedf05b]
[estudiar.vamtam.com/wp-content/uploads/2021/01/javier-trueba-iQPr1XkF5F0-unsplash.218.delayed]
[estudiar.vamtam.com/wp-content/uploads/2021/01/mimi-thian-54uolC2jjm4-unsplash.jpg]
[estudiar.vamtam.com/wp-content/uploads/2021/01/jud-mackrill-drLKC_gGwE4-unsplash.jpg]
[ciuskill.com/financial-aid/index.html]
[ciuskill.com/wp-content/uploads/elementor/css/post-20607d8a1.css]
[ciuskill.com/wp-json/wp/v2/pages/20607.json]
[ciuskill.com/wp-json/oembed/1.0/embed26f0.json]
[ciuskill.com/wp-json/oembed/1.0/embedbee1]
[ciuskill.com/faq/index.html]
[ciuskill.com/wp-content/uploads/elementor/css/post-16245b428.css]
[ciuskill.com/index5012.html]
[ciuskill.com/wp-content/uploads/elementor/css/post-148416b75.css]
[ciuskill.com/indexaca0.html]
[ciuskill.com/wp-content/uploads/2021/01/shayna-douglas-glO5c7mrn30-unsplash.jpg]
[ciuskill.com/wp-content/uploads/elementor/css/post-6413f3a8.css]
[ciuskill.com/index11d3.html]
[ciuskill.com/wp-content/uploads/elementor/css/post-162766eff.css]
[ciuskill.com/wp-json/oembed/1.0/embed0bae]
[ciuskill.com/wp-json/wp/v2/pages/16276.json]
[ciuskill.com/wp-json/oembed/1.0/embede965.json]
[ciuskill.com/wp-json/oembed/1.0/embeddb54]
[ciuskill.com/business-ethics/index.html]
[ciuskill.com/wp-content/uploads/elementor/css/post-163101b21.css]
[ciuskill.com/wp-json/wp/v2/pages/16310.json]
[ciuskill.com/wp-json/oembed/1.0/embed250f.json]
[ciuskill.com/wp-json/oembed/1.0/embed56d8]
[ciuskill.com/marketing-2/index.html]
[ciuskill.com/wp-content/uploads/elementor/css/post-163116844.css]
[ciuskill.com/wp-json/wp/v2/pages/16311.json]
[ciuskill.com/wp-json/oembed/1.0/embed413c.json]
[ciuskill.com/wp-json/oembed/1.0/embedf5bd]
[ciuskill.com/accounting-finance/index.html]
[ciuskill.com/wp-content/uploads/elementor/css/post-16012724e.css]
[ciuskill.com/wp-json/wp/v2/pages/16012.json]
[ciuskill.com/wp-json/oembed/1.0/embedcc04.json]
[ciuskill.com/wp-json/oembed/1.0/embedad77]
[ciuskill.com/finance/index.html]
[ciuskill.com/wp-content/uploads/elementor/css/post-16171dda7.css]
[ciuskill.com/wp-json/wp/v2/pages/16171.json]
[ciuskill.com/wp-json/oembed/1.0/embed10f5.json]
[ciuskill.com/wp-json/oembed/1.0/embed138d]
[ciuskill.com/fine-arts/index.html]
[ciuskill.com/wp-content/uploads/elementor/css/post-16054a025.css]
[ciuskill.com/wp-json/wp/v2/pages/16054.json]
[ciuskill.com/wp-json/oembed/1.0/embedb76b.json]
[ciuskill.com/wp-json/oembed/1.0/embedf37e]
[ciuskill.com/management/index.html]
[ciuskill.com/wp-content/uploads/elementor/css/post-16063c258.css]
[ciuskill.com/wp-json/wp/v2/pages/16063.json]
[ciuskill.com/wp-json/oembed/1.0/embedb9a6.json]
[ciuskill.com/wp-json/oembed/1.0/embedb861]
[ciuskill.com/marketing/index.html]
[ciuskill.com/wp-content/uploads/elementor/css/post-16591d285.css]
[ciuskill.com/wp-json/wp/v2/pages/16591.json]
[ciuskill.com/wp-json/oembed/1.0/embeda5fc.json]
[ciuskill.com/wp-json/oembed/1.0/embeda767]
[ciuskill.com/philosophy/index.html]
[ciuskill.com/wp-content/uploads/elementor/css/post-16601ad00.css]
[ciuskill.com/wp-json/wp/v2/pages/16601.json]
[ciuskill.com/wp-json/oembed/1.0/embed4b09.json]
[ciuskill.com/wp-json/oembed/1.0/embed9b92]
[ciuskill.com/politics/index.html]
[ciuskill.com/wp-content/uploads/elementor/css/post-1661075c7.css]
[ciuskill.com/wp-json/wp/v2/pages/16610.json]
[ciuskill.com/wp-json/oembed/1.0/embed9a00.json]
[ciuskill.com/wp-json/oembed/1.0/embed34c9]
[ciuskill.com/psychology/index.html]
[ciuskill.com/wp-content/uploads/elementor/css/post-166199022.css]
[ciuskill.com/wp-json/wp/v2/pages/16619.json]
[ciuskill.com/wp-json/oembed/1.0/embed6688.json]
[ciuskill.com/wp-json/oembed/1.0/embed36b9]
[ciuskill.com/public-relations/index.html]
[ciuskill.com/wp-content/uploads/elementor/css/post-6411d76a.css]
[ciuskill.com/index5f64.html]
[ciuskill.com/wp-content/uploads/elementor/css/post-16355a950.css]
[ciuskill.com/wp-json/wp/v2/pages/16355.json]
[ciuskill.com/wp-json/oembed/1.0/embedfc10.json]
[ciuskill.com/wp-json/oembed/1.0/embeddb84]
[ciuskill.com/financial-analysis/index.html]
[ciuskill.com/wp-content/uploads/elementor/css/post-16356d2a8.css]
[ciuskill.com/wp-json/wp/v2/pages/16356.json]
[ciuskill.com/wp-json/oembed/1.0/embed405b.json]
[ciuskill.com/wp-json/oembed/1.0/embed5682]
[ciuskill.com/information-system/index.html]
[ciuskill.com/wp-content/uploads/elementor/css/post-16357cb38.css]
[ciuskill.com/wp-json/wp/v2/pages/16357.json]
[ciuskill.com/wp-json/oembed/1.0/embed3986.json]
[ciuskill.com/wp-json/oembed/1.0/embed8dec]
[ciuskill.com/entrepreneurship-and-innovation/index.html]
[ciuskill.com/wp-content/uploads/elementor/css/post-16266a087.css]
[ciuskill.com/nonprofit-administration/index.html]
[ciuskill.com/wp-json/wp/v2/pages/16266.json]
[ciuskill.com/wp-json/oembed/1.0/embedc719.json]
[ciuskill.com/wp-json/oembed/1.0/embedea25]
[ciuskill.com/public-administration/index.html]
[ciuskill.com/wp-content/uploads/elementor/css/post-162566c5d.css]
[ciuskill.com/wp-json/wp/v2/pages/16256.json]
[ciuskill.com/wp-json/oembed/1.0/embed0097.json]
[ciuskill.com/wp-json/oembed/1.0/embedad58]
[ciuskill.com/major-in-economics/index.html]
[ciuskill.com/wp-content/uploads/elementor/css/post-163279317.css]
[ciuskill.com/wp-json/wp/v2/pages/16327.json]
[ciuskill.com/wp-json/oembed/1.0/embed4346.json]
[ciuskill.com/wp-json/oembed/1.0/embed5654]
[ciuskill.com/financial-economics-concentration/index.html]
[ciuskill.com/wp-content/uploads/elementor/css/post-1632855d1.css]
[ciuskill.com/wp-json/wp/v2/pages/16328.json]
[ciuskill.com/wp-json/oembed/1.0/embed1b89.json]
[ciuskill.com/wp-json/oembed/1.0/embed6b96]
[ciuskill.com/development-concentration/index.html]
[ciuskill.com/wp-content/uploads/elementor/css/post-16329ba38.css]
[ciuskill.com/wp-json/wp/v2/pages/16329.json]
[ciuskill.com/wp-json/oembed/1.0/embed04c9.json]
[ciuskill.com/wp-json/oembed/1.0/embedbe4b]
[ciuskill.com/international-economics/index.html]
[ciuskill.com/wp-content/uploads/elementor/css/post-162259025.css]
[ciuskill.com/wp-json/wp/v2/pages/16225.json]
[ciuskill.com/wp-json/oembed/1.0/embed575c.json]
[ciuskill.com/wp-json/oembed/1.0/embed1ed9]
[ciuskill.com/biotechnology/index.html]
[ciuskill.com/wp-content/uploads/elementor/css/post-16391de76.css]
[ciuskill.com/wp-json/wp/v2/pages/16391.json]
[ciuskill.com/wp-json/oembed/1.0/embed0ccf.json]
[ciuskill.com/wp-json/oembed/1.0/embed6d3c]
[ciuskill.com/chemistry-2/index.html]
[ciuskill.com/wp-content/uploads/elementor/css/post-16392dd39.css]
[ciuskill.com/wp-json/wp/v2/pages/16392.json]
[ciuskill.com/wp-json/oembed/1.0/embedf7a7.json]
[ciuskill.com/wp-json/oembed/1.0/embed4422]
[ciuskill.com/computer-science-2/index.html]
[ciuskill.com/wp-content/uploads/elementor/css/post-16393430c.css]
[ciuskill.com/wp-json/wp/v2/pages/16393.json]
[ciuskill.com/wp-json/oembed/1.0/embed9c51.json]
[ciuskill.com/wp-json/oembed/1.0/embed77d5]
[ciuskill.com/data-science-2/index.html]
[ciuskill.com/wp-content/uploads/elementor/css/post-163941858.css]
[ciuskill.com/wp-json/wp/v2/pages/16394.json]
[ciuskill.com/wp-json/oembed/1.0/embedabe6.json]
[ciuskill.com/wp-json/oembed/1.0/embed0520]
[ciuskill.com/energy-system-management/index.html]
[ciuskill.com/wp-content/uploads/elementor/css/post-167684481.css]
[ciuskill.com/wp-json/wp/v2/pages/16768.json]
[ciuskill.com/wp-json/oembed/1.0/embed8e42.json]
[ciuskill.com/wp-json/oembed/1.0/embede62a]
[ciuskill.com/architecture-2/index.html]
[ciuskill.com/wp-content/uploads/elementor/css/post-167699609.css]
[ciuskill.com/wp-json/wp/v2/pages/16769.json]
[ciuskill.com/wp-json/oembed/1.0/embed98f2.json]
[ciuskill.com/wp-json/oembed/1.0/embed1b72]
[ciuskill.com/fashion-design/index.html]
[ciuskill.com/wp-content/uploads/elementor/css/post-167700da3.css]
[ciuskill.com/wp-json/wp/v2/pages/16770.json]
[ciuskill.com/wp-json/oembed/1.0/embed1172.json]
[ciuskill.com/wp-json/oembed/1.0/embed6b6a]
[ciuskill.com/arts-in-design/index.html]
[ciuskill.com/wp-content/uploads/elementor/css/post-16771dcb1.css]
[ciuskill.com/wp-json/wp/v2/pages/16771.json]
[ciuskill.com/wp-json/oembed/1.0/embed7426.json]
[ciuskill.com/wp-json/oembed/1.0/embedfa74]
[ciuskill.com/interior-design/index.html]
[ciuskill.com/wp-content/uploads/elementor/css/post-16772528b.css]
[ciuskill.com/wp-json/wp/v2/pages/16772.json]
[ciuskill.com/wp-json/oembed/1.0/embed2554.json]
[ciuskill.com/wp-json/oembed/1.0/embed399d]
[ciuskill.com/product-design/index.html]
[ciuskill.com/wp-content/uploads/elementor/css/post-1677419c4.css]
[ciuskill.com/wp-json/wp/v2/pages/16774.json]
[ciuskill.com/wp-json/oembed/1.0/embedb9bd.json]
[ciuskill.com/wp-json/oembed/1.0/embed3ed9]
[ciuskill.com/arts-in-landscape-design/index.html]
[ciuskill.com/wp-content/uploads/elementor/css/post-167736526.css]
[ciuskill.com/wp-json/wp/v2/pages/16773.json]
[ciuskill.com/wp-json/oembed/1.0/embed2925.json]
[ciuskill.com/wp-json/oembed/1.0/embeda3d9]
[ciuskill.com/design-management/index.html]
[ciuskill.com/wp-content/uploads/elementor/css/post-167755075.css]
[ciuskill.com/wp-json/wp/v2/pages/16775.json]
[ciuskill.com/wp-json/oembed/1.0/embedf383.json]
[ciuskill.com/wp-json/oembed/1.0/embedfdbf]
[ciuskill.com/media-and-communication-design/index.html]
[ciuskill.com/wp-content/uploads/elementor/css/post-6409d972.css]
[ciuskill.com/indexa251.html]
[ciuskill.com/wp-content/uploads/elementor/css/post-155813192.css]
[ciuskill.com/wp-json/wp/v2/pages/15581.json]
[ciuskill.com/wp-json/oembed/1.0/embed74f0.json]
[ciuskill.com/wp-json/oembed/1.0/embeda16b]
[ciuskill.com/accounting/index.html]
[ciuskill.com/wp-content/uploads/elementor/css/post-16037af70.css]
[ciuskill.com/wp-json/wp/v2/pages/16037.json]
[ciuskill.com/wp-json/oembed/1.0/embed3e70.json]
[ciuskill.com/wp-json/oembed/1.0/embed5f84]
[ciuskill.com/advertising/index.html]
[ciuskill.com/wp-content/uploads/elementor/css/post-16180d5bd.css]
[ciuskill.com/wp-json/wp/v2/pages/16180.json]
[ciuskill.com/wp-json/oembed/1.0/embeda10d.json]
[ciuskill.com/wp-json/oembed/1.0/embed2565]
[ciuskill.com/architecture/index.html]
[ciuskill.com/wp-content/uploads/elementor/css/post-161892235.css]
[ciuskill.com/wp-json/wp/v2/pages/16189.json]
[ciuskill.com/wp-json/oembed/1.0/embedcb83.json]
[ciuskill.com/wp-json/oembed/1.0/embedb8c6]
[ciuskill.com/art-history/index.html]
[ciuskill.com/wp-content/uploads/elementor/css/post-1607218a6.css]
[ciuskill.com/wp-json/wp/v2/pages/16072.json]
[ciuskill.com/wp-json/oembed/1.0/embedc4a0.json]
[ciuskill.com/wp-json/oembed/1.0/embed2197]
[ciuskill.com/biology/index.html]
[ciuskill.com/wp-content/uploads/elementor/css/post-16083d149.css]
[ciuskill.com/wp-json/wp/v2/pages/16083.json]
[ciuskill.com/wp-json/oembed/1.0/embedfeaf.json]
[ciuskill.com/wp-json/oembed/1.0/embed351b]
[ciuskill.com/chemistry/index.html]
[ciuskill.com/wp-content/uploads/elementor/css/post-15170e18e.css]
[ciuskill.com/wp-json/wp/v2/pages/15170.json]
[ciuskill.com/wp-json/oembed/1.0/embed9114.json]
[ciuskill.com/wp-json/oembed/1.0/embed5035]
[ciuskill.com/communication-studies/index.html]
[ciuskill.com/wp-content/uploads/elementor/css/post-166678038.css]
[ciuskill.com/wp-json/wp/v2/pages/16667.json]
[ciuskill.com/wp-json/oembed/1.0/embedff16.json]
[ciuskill.com/wp-json/oembed/1.0/embed32e6]
[ciuskill.com/comparative-literature-and-culture/index.html]
[ciuskill.com/wp-content/uploads/elementor/css/post-16109f876.css]
[ciuskill.com/wp-json/wp/v2/pages/16109.json]
[ciuskill.com/wp-json/oembed/1.0/embedd78e.json]
[ciuskill.com/wp-json/oembed/1.0/embedce0d]
[ciuskill.com/computer-science/index.html]
[ciuskill.com/wp-content/uploads/elementor/css/post-166283b95.css]
[ciuskill.com/wp-json/wp/v2/pages/16628.json]
[ciuskill.com/wp-json/oembed/1.0/embed3a08.json]
[ciuskill.com/wp-json/oembed/1.0/embedb74c]
[ciuskill.com/critical-diversity-studies/index.html]
[ciuskill.com/wp-content/uploads/elementor/css/post-161272ff7.css]
[ciuskill.com/wp-json/wp/v2/pages/16127.json]
[ciuskill.com/wp-json/oembed/1.0/embed5ada.json]
[ciuskill.com/wp-json/oembed/1.0/embed902f]
[ciuskill.com/data-science/index.html]
[ciuskill.com/wp-content/uploads/elementor/css/post-161610de3.css]
[ciuskill.com/wp-json/wp/v2/pages/16161.json]
[ciuskill.com/wp-json/oembed/1.0/embedd55e.json]
[ciuskill.com/wp-json/oembed/1.0/embed8c51]
[ciuskill.com/design/index.html]
[ciuskill.com/wp-content/uploads/elementor/css/post-16029b0f5.css]
[ciuskill.com/wp-json/wp/v2/pages/16029.json]
[ciuskill.com/wp-json/oembed/1.0/embed230d.json]
[ciuskill.com/wp-json/oembed/1.0/embeda9e6]
[ciuskill.com/economics/index.html]
[ciuskill.com/wp-content/uploads/elementor/css/post-16118caba.css]
[ciuskill.com/wp-json/wp/v2/pages/16118.json]
[ciuskill.com/wp-json/oembed/1.0/embedc418.json]
[ciuskill.com/wp-json/oembed/1.0/embed66ae]
[ciuskill.com/engineering/index.html]
[ciuskill.com/wp-content/uploads/elementor/css/post-166367212.css]
[ciuskill.com/wp-json/wp/v2/pages/16636.json]
[ciuskill.com/wp-json/oembed/1.0/embed05b6.json]
[ciuskill.com/wp-json/oembed/1.0/embed29d4]
[ciuskill.com/english/index.html]
[ciuskill.com/wp-content/uploads/elementor/css/post-161366035.css]
[ciuskill.com/wp-json/wp/v2/pages/16136.json]
[ciuskill.com/wp-json/oembed/1.0/embed904c.json]
[ciuskill.com/wp-json/oembed/1.0/embed6208]
[ciuskill.com/environmental-science/index.html]
[ciuskill.com/wp-content/uploads/elementor/css/post-16135f82d.css]
[ciuskill.com/wp-json/wp/v2/pages/16135.json]
[ciuskill.com/wp-json/oembed/1.0/embed72cf.json]
[ciuskill.com/wp-json/oembed/1.0/embed57c0]
[ciuskill.com/environmental-studies/index.html]
[ciuskill.com/wp-content/uploads/elementor/css/post-160213f5c.css]
[ciuskill.com/wp-json/wp/v2/pages/16021.json]
[ciuskill.com/wp-json/oembed/1.0/embed7bf1.json]
[ciuskill.com/wp-json/oembed/1.0/embed3c50]
[ciuskill.com/international-business/index.html]
[ciuskill.com/wp-content/uploads/elementor/css/post-160926b8a.css]
[ciuskill.com/wp-json/wp/v2/pages/16092.json]
[ciuskill.com/wp-json/oembed/1.0/embed9014.json]
[ciuskill.com/wp-json/oembed/1.0/embed109d]
[ciuskill.com/biochemistry/index.html]
[ciuskill.com/wp-content/uploads/elementor/css/post-1610013cf.css]
[ciuskill.com/wp-json/wp/v2/pages/16100.json]
[ciuskill.com/wp-json/oembed/1.0/embed8511.json]
[ciuskill.com/wp-json/oembed/1.0/embedf699]
[ciuskill.com/chemical-physics/index.html]
[ciuskill.com/wp-content/uploads/elementor/css/post-1666824cf.css]
[ciuskill.com/wp-json/wp/v2/pages/16668.json]
[ciuskill.com/wp-json/oembed/1.0/embed532d.json]
[ciuskill.com/wp-json/oembed/1.0/embed7128]
[ciuskill.com/cultural-anthropology/index.html]
[ciuskill.com/wp-content/uploads/elementor/css/post-161530d33.css]
[ciuskill.com/wp-json/wp/v2/pages/16153.json]
[ciuskill.com/wp-json/oembed/1.0/embedbb09.json]
[ciuskill.com/wp-json/oembed/1.0/embeda43b]
[ciuskill.com/engineering-physics/index.html]
[ciuskill.com/wp-content/uploads/elementor/css/post-166455464.css]
[ciuskill.com/wp-json/wp/v2/pages/16645.json]
[ciuskill.com/wp-json/oembed/1.0/embedd905.json]
[ciuskill.com/wp-json/oembed/1.0/embed3b2e]
[ciuskill.com/english-minors/index.html]
[ciuskill.com/wp-content/uploads/elementor/css/post-166546c1b.css]
[ciuskill.com/wp-json/wp/v2/pages/16654.json]
[ciuskill.com/wp-json/oembed/1.0/embed6f78.json]
[ciuskill.com/wp-json/oembed/1.0/embed5b2f]
[ciuskill.com/history-2/index.html]
[ciuskill.com/wp-content/uploads/elementor/css/post-6283b423.css]
[ciuskill.com/index6c6a.html]
[estudiar.vamtam.com/wp-content/uploads/2020/12/iStock-950643080.html]
[estudiar.vamtam.com/wp-content/uploads/2020/12/iStock-1167992655.html]
[estudiar.vamtam.com/wp-content/uploads/2020/12/iStock-859884294.html]
[estudiar.vamtam.com/wp-content/uploads/2020/12/iStock-813019744.html]
[estudiar.vamtam.com/wp-content/uploads/2020/12/iStock-1065166450.html]
[ciuskill.com/wp-content/uploads/elementor/css/post-9801fbf2.css]
[ciuskill.com/wp-json/wp/v2/pages/9801.json]
[ciuskill.com/wp-json/oembed/1.0/embed067a.json]
[ciuskill.com/wp-json/oembed/1.0/embedce6e]
[estudiar.vamtam.com/wp-content/uploads/2020/12/wonderlane-6zlgM-GUd6I-unsplash-Copy-2.3e4.delayed]
[ciuskill.com/mission-values/index.html]
[estudiar.vamtam.com/wp-content/uploads/2020/12/brydon-mccluskey-GvPceVqbxm4-unsplash.html]
[ciuskill.com/wp-content/uploads/elementor/css/post-6417ac86.css]
[ciuskill.com/index950e.html]
[ciuskill.com/wp-content/uploads/elementor/css/post-1110236a5.css]
[ciuskill.com/index6106.html]
[ciuskill.com/wp-content/uploads/elementor/css/post-642112c8.css]
[ciuskill.com/index15ef.html]
[ciuskill.com/wp-content/uploads/elementor/css/post-62878d61.css]
[ciuskill.com/index6106-2.html]
[estudiar.vamtam.com/wp-content/uploads/2020/12/iStock-1210745478-conflicted-scaled.html]
[estudiar.vamtam.com/wp-content/uploads/2020/12/jakob-dalbjorn-cuKJre3nyYc-unsplash.html]
[estudiar.vamtam.com/wp-content/uploads/2020/12/bruce-mars-pFyKRmDiWEA-unsplash.html]
[estudiar.vamtam.com/wp-content/uploads/2020/12/carlos-lindner-ZVo7vtXilCs-unsplash.html]
[ciuskill.com/wp-content/uploads/elementor/css/post-6427cf6c.css]
[ciuskill.com/index7a39.html]
[estudiar.vamtam.com/wp-content/uploads/2020/12/boxed-water-is-better-JpWcneSvhDY-unsplash.html]
[ciuskill.com/wp-content/uploads/elementor/css/post-64265ca7.css]
[ciuskill.com/indexe6b2.html]
[ciuskill.com/wp-content/uploads/elementor/css/post-6425f399.css]
[ciuskill.com/index73ed.html]
[estudiar.vamtam.com/wp-content/uploads/2020/12/jakob-dalbjorn-cuKJre3nyYc-unsplash-Copy.html]
[ciuskill.com/wp-content/uploads/elementor/css/post-30adfe.css]
[ciuskill.com/wp-json/wp/v2/pages/30.json]
[ciuskill.com/wp-json/oembed/1.0/embedff9f.json]
[ciuskill.com/blog/index.html]
[ciuskill.com/wp-content/uploads/elementor/css/post-6428be43.css]
[ciuskill.com/index4aaa.html]
[estudiar.vamtam.com/wp-content/uploads/2020/12/iStock-1065166450-1.html]
[estudiar.vamtam.com/wp-content/uploads/2020/12/daan-evers-tKN1WXrzQ3s-unsplash.html]
[estudiar.vamtam.com/wp-content/uploads/2020/12/samantha-gades-XkBYYlZ4Ono-unsplash.html]
[ciuskill.com/xmlrpc.php]
[ciuskill.com/wp-content/uploads/elementor/css/post-109404a55.css]
[ciuskill.com/wp-content/uploads/elementor/css/post-221908a55.css]
[ciuskill.com/indexe368.html]
[ciuskill.com/wp-content/themes/estudiar/vamtam/assets/css/dist/blogbabb.css]
[ciuskill.com/wp-json/oembed/1.0/embed7864]
[ciuskill.com/wp-content/uploads/elementor/css/post-22217e520.css]
[ciuskill.com/2020/12/29/index.html]
[ciuskill.com/category/online-learning/feed/index.html]
[ciuskill.com/wp-json/wp/v2/categories/2.json]
[ciuskill.com/category/online-learning/index.html]
[ciuskill.com/wp-json/wp/v2/categories/4.json]
[ciuskill.com/category/student-resources/index.html]
[ciuskill.com/wp-content/plugins/elementor-pro/assets/css/widget-share-buttons.min.css]
[ciuskill.com/category/student-resources/feed/index.html]
[ciuskill.com/wp-json/wp/v2/tags/10.json]
[ciuskill.com/tag/online-bachelors-degree/index.html]
[ciuskill.com/tag/online-bachelors-degree/feed/index.html]
[ciuskill.com/wp-json/wp/v2/tags/11.json]
[ciuskill.com/tag/online-learning/index.html]
[ciuskill.com/tag/online-learning/feed/index.html]
[ciuskill.com/tag/online-masters-degree/feed/index.html]
[ciuskill.com/wp-json/wp/v2/tags/12.json]
[ciuskill.com/tag/online-masters-degree/index.html]
[ciuskill.com/wp-json/wp/v2/tags/13.json]
[ciuskill.com/tag/online-programs/index.html]
[ciuskill.com/tag/online-programs/feed/index.html]
[ciuskill.com/what-is-the-difference-between-university-and-college/feed/index.html]
[ciuskill.com/wp-content/uploads/elementor/css/post-14916eef.css]
[ciuskill.com/wp-json/wp/v2/posts/1491.json]
[ciuskill.com/wp-json/oembed/1.0/embeda611.json]
[ciuskill.com/wp-json/oembed/1.0/embed630e]
[ciuskill.com/what-is-the-difference-between-university-and-college/index.html]
[ciuskill.com/2020/04/11/index.html]
[ciuskill.com/tag/resources/index.html]
[ciuskill.com/tag/programs/index.html]
[ciuskill.com/wp-content/uploads/elementor/css/post-1483abc8.css]
[ciuskill.com/how-to-get-ready-for-a-new-semester/feed/index.html]
[ciuskill.com/wp-json/wp/v2/posts/1483.json]
[ciuskill.com/wp-json/oembed/1.0/embedb14c.json]
[ciuskill.com/wp-json/oembed/1.0/embedbf77]
[ciuskill.com/how-to-get-ready-for-a-new-semester/index.html]
[ciuskill.com/wp-content/uploads/elementor/css/post-109358a55.css]
[ciuskill.com/index15db.html]
[ciuskill.com/wp-json/wp/v2/categories/5.json]
[ciuskill.com/category/student-success/index.html]
[ciuskill.com/category/student-success/feed/index.html]
[ciuskill.com/category/workshops-and-events/feed/index.html]
[ciuskill.com/wp-json/wp/v2/categories/6.json]
[ciuskill.com/category/workshops-and-events/index.html]
[ciuskill.com/wp-json/wp/v2/tags/14.json]
[ciuskill.com/tag/organization/index.html]
[ciuskill.com/tag/organization/feed/index.html]
[ciuskill.com/tag/productivity/feed/index.html]
[ciuskill.com/wp-json/wp/v2/tags/15.json]
[ciuskill.com/tag/productivity/index.html]
[ciuskill.com/wp-json/wp/v2/tags/18.json]
[ciuskill.com/tag/student-success/index.html]
[ciuskill.com/tag/student-success/feed/index.html]
[ciuskill.com/wp-content/uploads/elementor/css/post-14877d85.css]
[ciuskill.com/wp-json/wp/v2/posts/1487.json]
[ciuskill.com/wp-json/oembed/1.0/embed9d7c.json]
[ciuskill.com/wp-json/oembed/1.0/embedd4d6]
[ciuskill.com/how-to-choose-a-business-program-at-university/index.html]
[ciuskill.com/wp-content/uploads/elementor/css/post-10927e6b2.css]
[ciuskill.com/index4bdf.html]
[ciuskill.com/tag/business/feed/index.html]
[ciuskill.com/wp-json/wp/v2/tags/7.json]
[ciuskill.com/tag/business/index.html]
[ciuskill.com/tag/career-development/feed/index.html]
[ciuskill.com/how-to-choose-a-business-program-at-university/feed/index.html]
[ciuskill.com/wp-json/wp/v2/tags/8.json]
[ciuskill.com/tag/career-development/index.html]
[ciuskill.com/wp-json/wp/v2/tags/9.json]
[ciuskill.com/tag/events/index.html]
[ciuskill.com/tag/events/feed/index.html]
[ciuskill.com/tag/workshops/feed/index.html]
[ciuskill.com/wp-json/wp/v2/tags/19.json]
[ciuskill.com/tag/workshops/index.html]
[ciuskill.com/4th-workshop-advanced-materials/index0e22.html]
[ciuskill.com/wp-content/uploads/elementor/css/post-6415401b.css]
[ciuskill.com/indexf070.html]
[ciuskill.com/wp-login.html]
[ciuskill.com/wp-admin/images/wordpress-logo7d6b.svg]
[ciuskill.com/wp-content/uploads/elementor/css/post-6295fe15.css]
[ciuskill.com/indexabdd.html]
[ciuskill.com/2020-2021-vera-list-center-seminar-series-as-for-protocols.html]
[estudiar.vamtam.com/wp-content/uploads/2021/01/you-x-ventures-fznQW-kn5VU-unsplash-1.html]
[estudiar.vamtam.com/wp-content/uploads/2021/01/blake-wisz-GFrBMipOd_E-unsplash-1.html]
[estudiar.vamtam.com/wp-content/uploads/2021/01/akson-1K8pIbIrhkQ-unsplash-1.html]
[estudiar.vamtam.com/wp-content/uploads/2021/01/annie-spratt-dWYU3i-mqEo-unsplash-1.html]
[estudiar.vamtam.com/wp-content/uploads/2020/12/andrew-neel-QLqNalPe0RA-unsplash-1.html]
[ciuskill.com/wp-content/uploads/elementor/css/post-6293da2b.css]
[ciuskill.com/index17a8.html]
[ciuskill.com/wp-content/uploads/elementor/css/post-14791f68.css]
[ciuskill.com/4-tips-to-navigate-your-first-semester-abroad-like-a-pro/feed/index.html]
[ciuskill.com/wp-json/wp/v2/posts/1479.json]
[ciuskill.com/wp-json/oembed/1.0/embed78ff.json]
[ciuskill.com/wp-json/oembed/1.0/embede68c]
[ciuskill.com/4-tips-to-navigate-your-first-semester-abroad-like-a-pro/index.html]
[ciuskill.com/wp-content/uploads/elementor/css/post-1475c09b.css]
[ciuskill.com/wp-json/wp/v2/posts/1475.json]
[ciuskill.com/wp-json/oembed/1.0/embed30c0.json]
[ciuskill.com/wp-json/oembed/1.0/embedab28]
[ciuskill.com/improve-your-english-and-prepare-for-college-transfer/index.html]
[ciuskill.com/improve-your-english-and-prepare-for-college-transfer/feed/index.html]
[ciuskill.com/wp-content/uploads/elementor/css/post-14342fe4.css]
[ciuskill.com/academics-meet-opportunity-at-the-estuidar-university/feed/index.html]
[ciuskill.com/wp-json/wp/v2/posts/1434.json]
[ciuskill.com/wp-json/oembed/1.0/embed86e9.json]
[ciuskill.com/wp-json/oembed/1.0/embed1cbc]
[ciuskill.com/academics-meet-opportunity-at-the-estuidar-university/index.html]
[ciuskill.com/wp-content/uploads/elementor/css/post-17061aae9.css]
[ciuskill.com/index503d.html]
[ciuskill.com/wp-content/plugins/elementor/assets/lib/flatpickr/flatpickr.mineda1.css]
[ciuskill.com/wp-content/uploads/elementor/css/post-64291000.css]
[ciuskill.com/indexcdf3.html]
[ciuskill.com/wp-content/uploads/2021/01/circle-faq-box.svg]
[ciuskill.com/wp-content/uploads/elementor/css/post-2056911d9.css]
[ciuskill.com/indexd126.html]
[ciuskill.com/wp-content/uploads/2021/02/2020-21-Economics-Worksheet.html]
[ciuskill.com/wp-content/uploads/2021/02/2021_bs_economics.html]
[ciuskill.com/indexfb6b.html]
[estudiar.vamtam.com/wp-content/uploads/2021/01/javier-trueba-iQPr1XkF5F0-unsplash.html]
[estudiar.vamtam.com/wp-content/uploads/2021/01/mimi-thian-54uolC2jjm4-unsplash.html]
[estudiar.vamtam.com/wp-content/uploads/2021/01/jud-mackrill-drLKC_gGwE4-unsplash.html]
[ciuskill.com/wp-content/uploads/elementor/css/post-20607d8a1.css]
[ciuskill.com/index648e.html]
[ciuskill.com/wp-content/uploads/elementor/css/post-162766eff.css]
[ciuskill.com/index28cc.html]
[ciuskill.com/wp-content/uploads/elementor/css/post-163101b21.css]
[ciuskill.com/index2b2c.html]
[ciuskill.com/wp-content/uploads/elementor/css/post-163116844.css]
[ciuskill.com/indexbe6a.html]
[ciuskill.com/wp-content/uploads/elementor/css/post-16012724e.css]
[ciuskill.com/index3a7a.html]
[ciuskill.com/wp-content/uploads/elementor/css/post-16171dda7.css]
[ciuskill.com/index37fc.html]
[ciuskill.com/wp-content/uploads/elementor/css/post-16054a025.css]
[ciuskill.com/indexe79b.html]
[ciuskill.com/wp-content/uploads/elementor/css/post-16063c258.css]
[ciuskill.com/indexf072.html]
[ciuskill.com/wp-content/uploads/elementor/css/post-16591d285.css]
[ciuskill.com/index6838.html]
[ciuskill.com/wp-content/uploads/elementor/css/post-16601ad00.css]
[ciuskill.com/indexa9e4.html]
[ciuskill.com/wp-content/uploads/elementor/css/post-1661075c7.css]
[ciuskill.com/index14ed.html]
[ciuskill.com/wp-content/uploads/elementor/css/post-166199022.css]
[ciuskill.com/index04d6.html]
[ciuskill.com/wp-content/uploads/elementor/css/post-16355a950.css]
[ciuskill.com/index9649.html]
[ciuskill.com/wp-content/uploads/elementor/css/post-64203f46.css]
[ciuskill.com/wp-content/uploads/elementor/css/post-16356d2a8.css]
[ciuskill.com/index8cc7.html]
[ciuskill.com/wp-content/uploads/elementor/css/post-16357cb38.css]
[ciuskill.com/index6770.html]
[ciuskill.com/wp-content/uploads/elementor/css/post-163587c53.css]
[ciuskill.com/wp-json/wp/v2/pages/16358.json]
[ciuskill.com/wp-json/oembed/1.0/embedd0f6.json]
[ciuskill.com/wp-json/oembed/1.0/embedc937]
[ciuskill.com/nonprofit-administration/index.html]
[ciuskill.com/wp-content/uploads/elementor/css/post-16266a087.css]
[ciuskill.com/index230a.html]
[ciuskill.com/wp-content/uploads/elementor/css/post-162566c5d.css]
[ciuskill.com/indexc07c.html]
[ciuskill.com/wp-content/uploads/elementor/css/post-163279317.css]
[ciuskill.com/index14b8.html]
[ciuskill.com/wp-content/uploads/elementor/css/post-1632855d1.css]
[ciuskill.com/indexb489.html]
[ciuskill.com/wp-content/uploads/elementor/css/post-16329ba38.css]
[ciuskill.com/index7508.html]
[ciuskill.com/wp-content/uploads/elementor/css/post-162259025.css]
[ciuskill.com/index0da0.html]
[ciuskill.com/wp-content/uploads/elementor/css/post-16391de76.css]
[ciuskill.com/index666c.html]
[ciuskill.com/wp-content/uploads/elementor/css/post-16392dd39.css]
[ciuskill.com/index6b0d.html]
[ciuskill.com/wp-content/uploads/elementor/css/post-16393430c.css]
[ciuskill.com/index2154.html]
[ciuskill.com/wp-content/uploads/elementor/css/post-163941858.css]
[ciuskill.com/indexc383.html]
[ciuskill.com/wp-content/uploads/elementor/css/post-167684481.css]
[ciuskill.com/indexb3c1.html]
[ciuskill.com/wp-content/uploads/elementor/css/post-167699609.css]
[ciuskill.com/index27d5.html]
[ciuskill.com/wp-content/uploads/elementor/css/post-167700da3.css]
[ciuskill.com/index412d.html]
[ciuskill.com/wp-content/uploads/elementor/css/post-16771dcb1.css]
[ciuskill.com/indexd0d3.html]
[ciuskill.com/wp-content/uploads/elementor/css/post-16772528b.css]
[ciuskill.com/index8f11.html]
[ciuskill.com/wp-content/uploads/elementor/css/post-1677419c4.css]
[ciuskill.com/index5fc2.html]
[ciuskill.com/wp-content/uploads/elementor/css/post-167736526.css]
[ciuskill.com/indexabaf.html]
[ciuskill.com/wp-content/uploads/elementor/css/post-167755075.css]
[ciuskill.com/index11de.html]
[ciuskill.com/wp-content/uploads/elementor/css/post-155813192.css]
[ciuskill.com/index0e17.html]
[ciuskill.com/wp-content/uploads/elementor/css/post-16037af70.css]
[ciuskill.com/indexb275.html]
[ciuskill.com/wp-content/uploads/elementor/css/post-16180d5bd.css]
[ciuskill.com/indexb65f.html]
[ciuskill.com/wp-content/uploads/elementor/css/post-161892235.css]
[ciuskill.com/index33f6.html]
[ciuskill.com/wp-content/uploads/elementor/css/post-1607218a6.css]
[ciuskill.com/index000f.html]
[ciuskill.com/wp-content/uploads/elementor/css/post-16083d149.css]
[ciuskill.com/index7fec.html]
[ciuskill.com/wp-content/uploads/elementor/css/post-15170e18e.css]
[ciuskill.com/index61c3.html]
[ciuskill.com/wp-content/uploads/elementor/css/post-166678038.css]
[ciuskill.com/indexecc9.html]
[ciuskill.com/wp-content/uploads/elementor/css/post-16109f876.css]
[ciuskill.com/indexd556.html]
[ciuskill.com/wp-content/uploads/elementor/css/post-166283b95.css]
[ciuskill.com/indexb40a.html]
[ciuskill.com/wp-content/uploads/elementor/css/post-161272ff7.css]
[ciuskill.com/indexccc5.html]
[ciuskill.com/wp-content/uploads/elementor/css/post-161610de3.css]
[ciuskill.com/index0284.html]
[ciuskill.com/wp-content/uploads/elementor/css/post-16029b0f5.css]
[ciuskill.com/index6e67.html]
[ciuskill.com/wp-content/uploads/elementor/css/post-16118caba.css]
[ciuskill.com/indexa650.html]
[ciuskill.com/wp-content/uploads/elementor/css/post-166367212.css]
[ciuskill.com/index9c66.html]
[ciuskill.com/wp-content/uploads/elementor/css/post-161366035.css]
[ciuskill.com/index2f3f.html]
[ciuskill.com/wp-content/uploads/elementor/css/post-16135f82d.css]
[ciuskill.com/index15e1.html]
[ciuskill.com/wp-content/uploads/elementor/css/post-160213f5c.css]
[ciuskill.com/indexdcc0.html]
[ciuskill.com/wp-content/uploads/elementor/css/post-160926b8a.css]
[ciuskill.com/indexda17.html]
[ciuskill.com/wp-content/uploads/elementor/css/post-1610013cf.css]
[ciuskill.com/index42e3.html]
[ciuskill.com/wp-content/uploads/elementor/css/post-1666824cf.css]
[ciuskill.com/index5590.html]
[ciuskill.com/wp-content/uploads/elementor/css/post-161530d33.css]
[ciuskill.com/index9cbe.html]
[ciuskill.com/wp-content/uploads/elementor/css/post-166455464.css]
[ciuskill.com/index4c35.html]
[ciuskill.com/wp-content/uploads/elementor/css/post-166546c1b.css]
[ciuskill.com/index31d1.html]
[ciuskill.com/wp-content/uploads/elementor/css/post-9801fbf2.css]
[ciuskill.com/index7e0a.html]
[estudiar.vamtam.com/wp-content/uploads/2020/12/wonderlane-6zlgM-GUd6I-unsplash-Copy-2.html]
[ciuskill.com/wp-content/uploads/elementor/css/post-30adfe.css]
[ciuskill.com/index5643.html]
[ciuskill.com/wp-content/uploads/elementor/css/post-22217e520.css]
[ciuskill.com/wp-content/uploads/elementor/css/post-14916eef.css]
[ciuskill.com/index17f1.html]
[ciuskill.com/2020/04/11/index.html]
[ciuskill.com/tag/programs/feed/index.html]
[ciuskill.com/wp-json/wp/v2/tags/16.json]
[ciuskill.com/tag/programs/index.html]
[ciuskill.com/wp-json/wp/v2/tags/17.json]
[ciuskill.com/tag/resources/index.html]
[ciuskill.com/wp-content/uploads/elementor/css/post-1483abc8.css]
[ciuskill.com/indexd34f.html]
[ciuskill.com/wp-content/uploads/elementor/css/post-14877d85.css]
[ciuskill.com/index4178.html]
[ciuskill.com/wp-content/uploads/elementor/css/post-14791f68.css]
[ciuskill.com/index2f99.html]
[ciuskill.com/wp-content/uploads/elementor/css/post-1475c09b.css]
[ciuskill.com/indexd8a3.html]
[ciuskill.com/wp-content/uploads/elementor/css/post-14342fe4.css]
[ciuskill.com/index94e7.html]
[ciuskill.com/request-info]
[ciuskill.com/wp-content/uploads/elementor/css/post-64203f46.css]
[ciuskill.com/wp-content/uploads/elementor/css/post-163587c53.css]
[ciuskill.com/indexc41c.html]
[ciuskill.com/tag/resources/feed/index.html]
